Component: ARM Compiler 5.05 update 1 (build 106) Tool: armlink [4d0efa]

==============================================================================

Section Cross References

    main.o(i.handle_data) refers to main.o(.data) for noselect
    main.o(i.handle_data) refers to main.o(.bss) for basketballbot
    main.o(i.init) refers to delay.o(i.delay_init) for delay_init
    main.o(i.init) refers to misc.o(i.NVIC_PriorityGroupConfig) for NVIC_PriorityGroupConfig
    main.o(i.init) refers to led.o(i.LED_Init) for LED_Init
    main.o(i.init) refers to timer.o(i.TIM3_Int_Init) for TIM3_Int_Init
    main.o(i.init) refers to usart.o(i.uart_init) for uart_init
    main.o(i.init) refers to usart2.o(i.uart2_init) for uart2_init
    main.o(i.init) refers to timer.o(i.ENCODE_Init) for ENCODE_Init
    main.o(i.init) refers to queue.o(i.queue_init) for queue_init
    main.o(i.init) refers to main.o(.bss) for rx_queue
    main.o(i.main) refers to rt_memclr_w.o(.text) for __aeabi_memclr4
    main.o(i.main) refers to main.o(i.init) for init
    main.o(i.main) refers to main.o(.bss) for rx_queue
    main.o(i.main) refers to rt_memcpy_w.o(.text) for __aeabi_memcpy4
    main.o(i.main) refers to queue.o(i.queue_empty) for queue_empty
    main.o(i.main) refers to queue.o(i.queue_get) for queue_get
    main.o(i.main) refers to main.o(i.handle_data) for handle_data
    main.o(i.main) refers to main.o(i.send) for send
    main.o(i.main) refers to main.o(.data) for checksum
    main.o(i.send) refers to stm32f10x_usart.o(i.USART_GetFlagStatus) for USART_GetFlagStatus
    main.o(i.send) refers to main.o(i.start_dc) for start_dc
    main.o(i.send) refers to usart.o(i.USART1_SendChar) for USART1_SendChar
    main.o(i.send) refers to main.o(.data) for noselect
    main.o(i.send) refers to main.o(.bss) for basketballbot
    main.o(i.start_dc) refers to main.o(i.xiansu) for xiansu
    main.o(i.start_dc) refers to main.o(.data) for noselect
    main.o(i.start_dc) refers to main.o(.bss) for radBufferRS485
    main.o(i.xiansu) refers to frleqf.o(x$fpl$frleqf) for __aeabi_cfrcmple
    main.o(i.xiansu) refers to fleqf.o(x$fpl$fleqf) for __aeabi_cfcmple
    system_stm32f10x.o(i.SetSysClock) refers to system_stm32f10x.o(i.SetSysClockTo72) for SetSysClockTo72
    system_stm32f10x.o(i.SystemCoreClockUpdate) refers to system_stm32f10x.o(.data) for SystemCoreClock
    system_stm32f10x.o(i.SystemInit) refers to system_stm32f10x.o(i.SetSysClock) for SetSysClock
    delay.o(i.delay_init) refers to misc.o(i.SysTick_CLKSourceConfig) for SysTick_CLKSourceConfig
    delay.o(i.delay_init) refers to system_stm32f10x.o(.data) for SystemCoreClock
    delay.o(i.delay_init) refers to delay.o(.data) for fac_us
    delay.o(i.delay_ms) refers to delay.o(.data) for fac_ms
    delay.o(i.delay_us) refers to delay.o(.data) for fac_us
    usart.o(i.USART1_IRQHandler) refers (Special) to use_no_semi_2.o(.text) for __use_no_semihosting
    usart.o(i.USART1_IRQHandler) refers to stm32f10x_usart.o(i.USART_GetITStatus) for USART_GetITStatus
    usart.o(i.USART1_IRQHandler) refers to rt_memcpy_w.o(.text) for __aeabi_memcpy4
    usart.o(i.USART1_IRQHandler) refers to queue.o(i.queue_full) for queue_full
    usart.o(i.USART1_IRQHandler) refers to usart.o(i.USART1_SendChar) for USART1_SendChar
    usart.o(i.USART1_IRQHandler) refers to stm32f10x_usart.o(i.USART_ReceiveData) for USART_ReceiveData
    usart.o(i.USART1_IRQHandler) refers to queue.o(i.queue_put) for queue_put
    usart.o(i.USART1_IRQHandler) refers to stm32f10x_usart.o(i.USART_ClearITPendingBit) for USART_ClearITPendingBit
    usart.o(i.USART1_IRQHandler) refers to main.o(.bss) for rx_queue
    usart.o(i.USART1_SendChar) refers (Special) to use_no_semi_2.o(.text) for __use_no_semihosting
    usart.o(i.USART1_SendChar) refers to stm32f10x_usart.o(i.USART_SendData) for USART_SendData
    usart.o(i.USART1_SendChar) refers to stm32f10x_usart.o(i.USART_GetFlagStatus) for USART_GetFlagStatus
    usart.o(i._sys_exit) refers (Special) to use_no_semi_2.o(.text) for __use_no_semihosting
    usart.o(i.fputc) refers (Special) to use_no_semi_2.o(.text) for __use_no_semihosting
    usart.o(i.uart_init) refers (Special) to use_no_semi_2.o(.text) for __use_no_semihosting
    usart.o(i.uart_init) refers to stm32f10x_rcc.o(i.RCC_APB2PeriphClockCmd) for RCC_APB2PeriphClockCmd
    usart.o(i.uart_init) refers to stm32f10x_gpio.o(i.GPIO_Init) for GPIO_Init
    usart.o(i.uart_init) refers to misc.o(i.NVIC_Init) for NVIC_Init
    usart.o(i.uart_init) refers to stm32f10x_usart.o(i.USART_Init) for USART_Init
    usart.o(i.uart_init) refers to stm32f10x_usart.o(i.USART_ITConfig) for USART_ITConfig
    usart.o(i.uart_init) refers to stm32f10x_usart.o(i.USART_Cmd) for USART_Cmd
    usart.o(.bss) refers (Special) to use_no_semi_2.o(.text) for __use_no_semihosting
    usart.o(.data) refers (Special) to use_no_semi_2.o(.text) for __use_no_semihosting
[...]
    ../clib/armsys.c                         0x00000000   Number         0  no_argv.o ABSOLUTE
    ../clib/fenv.c                           0x00000000   Number         0  _rserrno.o ABSOLUTE
    ../clib/heapalloc.c                      0x00000000   Number         0  hrguard.o ABSOLUTE
    ../clib/heapaux.c                        0x00000000   Number         0  heapauxi.o ABSOLUTE
    ../clib/libinit.s                        0x00000000   Number         0  libinit.o ABSOLUTE
    ../clib/libinit.s                        0x00000000   Number         0  libshutdown.o ABSOLUTE
    ../clib/libinit.s                        0x00000000   Number         0  libinit2.o ABSOLUTE
    ../clib/libinit.s                        0x00000000   Number         0  libshutdown2.o ABSOLUTE
    ../clib/memcpset.s                       0x00000000   Number         0  rt_memcpy_w.o ABSOLUTE
    ../clib/memcpset.s                       0x00000000   Number         0  rt_memclr_w.o ABSOLUTE
    ../clib/signal.c                         0x00000000   Number         0  defsig_pvfn_inner.o ABSOLUTE
    ../clib/signal.c                         0x00000000   Number         0  defsig_stak_inner.o ABSOLUTE
    ../clib/signal.c                         0x00000000   Number         0  defsig_rtred_inner.o ABSOLUTE
    ../clib/signal.c                         0x00000000   Number         0  defsig_fpe_inner.o ABSOLUTE
    ../clib/signal.c                         0x00000000   Number         0  defsig_abrt_inner.o ABSOLUTE
    ../clib/signal.c                         0x00000000   Number         0  defsig_general.o ABSOLUTE
    ../clib/signal.c                         0x00000000   Number         0  __raise.o ABSOLUTE
    ../clib/signal.c                         0x00000000   Number         0  defsig_rtmem_inner.o ABSOLUTE
    ../clib/signal.c                         0x00000000   Number         0  defsig_exit.o ABSOLUTE
    ../clib/signal.c                         0x00000000   Number         0  defsig_rtmem_formal.o ABSOLUTE
    ../clib/signal.c                         0x00000000   Number         0  defsig_rtmem_outer.o ABSOLUTE
    ../clib/signal.c                         0x00000000   Number         0  defsig_other.o ABSOLUTE
    ../clib/signal.c                         0x00000000   Number         0  defsig_segv_inner.o ABSOLUTE
    ../clib/signal.c                         0x00000000   Number         0  defsig_cppl_inner.o ABSOLUTE
    ../clib/signal.s                         0x00000000   Number         0  defsig.o ABSOLUTE
    ../clib/stdlib.c                         0x00000000   Number         0  exit.o ABSOLUTE
    ../fplib/d2f.s                           0x00000000   Number         0  d2f.o ABSOLUTE
    ../fplib/daddsub.s                       0x00000000   Number         0  daddsub_clz.o ABSOLUTE
    ../fplib/dcheck1.s                       0x00000000   Number         0  dcheck1.o ABSOLUTE
    ../fplib/dcmpi.s                         0x00000000   Number         0  dcmpi.o ABSOLUTE
    ../fplib/ddiv.s                          0x00000000   Number         0  ddiv.o ABSOLUTE
    ../fplib/dfix.s                          0x00000000   Number         0  dfix.o ABSOLUTE
    ../fplib/dflt.s                          0x00000000   Number         0  dflt_clz.o ABSOLUTE
    ../fplib/dleqf.s                         0x00000000   Number         0  dleqf.o ABSOLUTE
    ../fplib/dmul.s                          0x00000000   Number         0  dmul.o ABSOLUTE
    ../fplib/dnaninf.s                       0x00000000   Number         0  dnaninf.o ABSOLUTE
    ../fplib/dretinf.s                       0x00000000   Number         0  dretinf.o ABSOLUTE
    ../fplib/drleqf.s                        0x00000000   Number         0  drleqf.o ABSOLUTE
    ../fplib/dsqrt.s                         0x00000000   Number         0  dsqrt_noumaal.o ABSOLUTE
    ../fplib/f2d.s                           0x00000000   Number         0  f2d.o ABSOLUTE
    ../fplib/fcmpi.s                         0x00000000   Number         0  fcmpi.o ABSOLUTE
    ../fplib/fleqf.s                         0x00000000   Number         0  fleqf.o ABSOLUTE
    ../fplib/fnaninf.s                       0x00000000   Number         0  fnaninf.o ABSOLUTE
    ../fplib/fpinit.s                        0x00000000   Number         0  fpinit.o ABSOLUTE
    ../fplib/fretinf.s                       0x00000000   Number         0  fretinf.o ABSOLUTE
    ../fplib/frleqf.s                        0x00000000   Number         0  frleqf.o ABSOLUTE
    ../fplib/retnan.s                        0x00000000   Number         0  retnan.o ABSOLUTE
    ../fplib/scalbn.s                        0x00000000   Number         0  scalbn.o ABSOLUTE
    ../fplib/trapv.s                         0x00000000   Number         0  trapv.o ABSOLUTE
    ../fplib/usenofp.s                       0x00000000   Number         0  usenofp.o ABSOLUTE
    ../mathlib/atan.c                        0x00000000   Number         0  atan.o ABSOLUTE
    ../mathlib/atan.c                        0x00000000   Number         0  atan_x.o ABSOLUTE
    ../mathlib/cos.c                         0x00000000   Number         0  cos.o ABSOLUTE
    ../mathlib/cos.c                         0x00000000   Number         0  cos_x.o ABSOLUTE
    ../mathlib/cos_i.c                       0x00000000   Number         0  cos_i.o ABSOLUTE
    ../mathlib/dunder.c                      0x00000000   Number         0  dunder.o ABSOLUTE
    ../mathlib/fpclassify.c                  0x00000000   Number         0  fpclassify.o ABSOLUTE
    ../mathlib/poly.c                        0x00000000   Number         0  poly.o ABSOLUTE
    ../mathlib/pow.c                         0x00000000   Number         0  pow_x.o ABSOLUTE
    ../mathlib/pow.c                         0x00000000   Number         0  pow.o ABSOLUTE
    ../mathlib/qnan.c                        0x00000000   Number         0  qnan.o ABSOLUTE
    ../mathlib/rred.c                        0x00000000   Number         0  rred.o ABSOLUTE
    ../mathlib/sin.c                         0x00000000   Number         0  sin.o ABSOLUTE
    ../mathlib/sin.c                         0x00000000   Number         0  sin_x.o ABSOLUTE
    ../mathlib/sin_i.c                       0x00000000   Number         0  sin_i.o ABSOLUTE
    ../mathlib/sin_i.c                       0x00000000   Number         0  sin_i_x.o ABSOLUTE
    ../mathlib/sqrt.c                        0x00000000   Number         0  sqrt.o ABSOLUTE
    ../mathlib/sqrt.c                        0x00000000   Number         0  sqrt_x.o ABSOLUTE
    ..\CORE\core_cm3.c                       0x00000000   Number         0  core_cm3.o ABSOLUTE
    ..\CORE\startup_stm32f10x_hd.s           0x00000000   Number         0  startup_stm32f10x_hd.o ABSOLUTE
    ..\HARDWARE\LED\led.c                    0x00000000   Number         0  led.o ABSOLUTE
    ..\HARDWARE\TIMER\timer.c                0x00000000   Number         0  timer.o ABSOLUTE
    ..\STM32F10x_FWLib\src\misc.c            0x00000000   Number         0  misc.o ABSOLUTE
    ..\STM32F10x_FWLib\src\stm32f10x_gpio.c  0x00000000   Number         0  stm32f10x_gpio.o ABSOLUTE
    ..\STM32F10x_FWLib\src\stm32f10x_rcc.c   0x00000000   Number         0  stm32f10x_rcc.o ABSOLUTE
    ..\STM32F10x_FWLib\src\stm32f10x_tim.c   0x00000000   Number         0  stm32f10x_tim.o ABSOLUTE
    ..\STM32F10x_FWLib\src\stm32f10x_usart.c 0x00000000   Number         0  stm32f10x_usart.o ABSOLUTE
    ..\SYSTEM\delay\delay.c                  0x00000000   Number         0  delay.o ABSOLUTE
    ..\SYSTEM\sys\sys.c                      0x00000000   Number         0  sys.o ABSOLUTE
    ..\SYSTEM\usart\usart.c                  0x00000000   Number         0  usart.o ABSOLUTE
    ..\TF\transform.c                        0x00000000   Number         0  transform.o ABSOLUTE
    ..\USEFile\Communication\queue.c         0x00000000   Number         0  queue.o ABSOLUTE
    ..\USEFile\Communication\usart2.c        0x00000000   Number         0  usart2.o ABSOLUTE
    ..\\CORE\\core_cm3.c                     0x00000000   Number         0  core_cm3.o ABSOLUTE
    ..\\SYSTEM\\sys\\sys.c                   0x00000000   Number         0  sys.o ABSOLUTE
    dc.s                                     0x00000000   Number         0  dc.o ABSOLUTE
    main.c                                   0x00000000   Number         0  main.o ABSOLUTE
    stm32f10x_it.c                           0x00000000   Number         0  stm32f10x_it.o ABSOLUTE
    system_stm32f10x.c                       0x00000000   Number         0  system_stm32f10x.o ABSOLUTE
    RESET                                    0x08000000   Section      304  startup_stm32f10x_hd.o(RESET)
    !!!main                                  0x08000130   Section        8  __main.o(!!!main)
    !!!scatter                               0x08000138   Section       52  __scatter.o(!!!scatter)
    !!handler_copy                           0x0800016c   Section       26  __scatter_copy.o(!!handler_copy)
    !!handler_zi                             0x08000188   Section       28  __scatter_zi.o(!!handler_zi)
    .ARM.Collect$$libinit$$00000000          0x080001a4   Section        2  libinit.o(.ARM.Collect$$libinit$$00000000)
    .ARM.Collect$$libinit$$00000002          0x080001a6   Section        0  libinit2.o(.ARM.Collect$$libinit$$00000002)
    .ARM.Collect$$libinit$$00000004          0x080001a6   Section        0  libinit2.o(.ARM.Collect$$libinit$$00000004)
    .ARM.Collect$$libinit$$0000000A          0x080001a6   Section        0  libinit2.o(.ARM.Collect$$libinit$$0000000A)
    .ARM.Collect$$libinit$$0000000C          0x080001a6   Section        0  libinit2.o(.ARM.Collect$$libinit$$0000000C)
    .ARM.Collect$$libinit$$0000000E          0x080001a6   Section        0  libinit2.o(.ARM.Collect$$libinit$$0000000E)
    .ARM.Collect$$libinit$$00000011          0x080001a6   Section        0  libinit2.o(.ARM.Collect$$libinit$$00000011)
    .ARM.Collect$$libinit$$00000013          0x080001a6   Section        0  libinit2.o(.ARM.Collect$$libinit$$00000013)
    .ARM.Collect$$libinit$$00000015          0x080001a6   Section        0  libinit2.o(.ARM.Collect$$libinit$$00000015)
    .ARM.Collect$$libinit$$00000017          0x080001a6   Section        0  libinit2.o(.ARM.Collect$$libinit$$00000017)
    .ARM.Collect$$libinit$$00000019          0x080001a6   Section        0  libinit2.o(.ARM.Collect$$libinit$$00000019)
    .ARM.Collect$$libinit$$0000001B          0x080001a6   Section        0  libinit2.o(.ARM.Collect$$libinit$$0000001B)
    .ARM.Collect$$libinit$$0000001D          0x080001a6   Section        0  libinit2.o(.ARM.Collect$$libinit$$0000001D)
    .ARM.Collect$$libinit$$0000001F          0x080001a6   Section        0  libinit2.o(.ARM.Collect$$libinit$$0000001F)
    .ARM.Collect$$libinit$$00000021          0x080001a6   Section        0  libinit2.o(.ARM.Collect$$libinit$$00000021)
    .ARM.Collect$$libinit$$00000023          0x080001a6   Section        0  libinit2.o(.ARM.Collect$$libinit$$00000023)
    .ARM.Collect$$libinit$$00000025          0x080001a6   Section        0  libinit2.o(.ARM.Collect$$libinit$$00000025)
    .ARM.Collect$$libinit$$0000002C          0x080001a6   Section        0  libinit2.o(.ARM.Collect$$libinit$$0000002C)
    .ARM.Collect$$libinit$$0000002E          0x080001a6   Section        0  libinit2.o(.ARM.Collect$$libinit$$0000002E)
    .ARM.Collect$$libinit$$00000030          0x080001a6   Section        0  libinit2.o(.ARM.Collect$$libinit$$00000030)
    .ARM.Collect$$libinit$$00000032          0x080001a6   Section        0  libinit2.o(.ARM.Collect$$libinit$$00000032)
    .ARM.Collect$$libinit$$00000033          0x080001a6   Section        2  libinit2.o(.ARM.Collect$$libinit$$00000033)
    .ARM.Collect$$libshutdown$$00000000      0x080001a8   Section        2  libshutdown.o(.ARM.Collect$$libshutdown$$00000000)
    .ARM.Collect$$libshutdown$$00000003      0x080001aa   Section        0  libshutdown2.o(.ARM.Collect$$libshutdown$$00000003)
    .ARM.Collect$$libshutdown$$00000006      0x080001aa   Section        0  libshutdown2.o(.ARM.Collect$$libshutdown$$00000006)
    .ARM.Collect$$libshutdown$$00000009      0x080001aa   Section        0  libshutdown2.o(.ARM.Collect$$libshutdown$$00000009)
    .ARM.Collect$$libshutdown$$0000000B      0x080001aa   Section        0  libshutdown2.o(.ARM.Collect$$libshutdown$$0000000B)
    .ARM.Collect$$libshutdown$$0000000E      0x080001aa   Section        0  libshutdown2.o(.ARM.Collect$$libshutdown$$0000000E)
    .ARM.Collect$$libshutdown$$0000000F      0x080001aa   Section        2  libshutdown2.o(.ARM.Collect$$libshutdown$$0000000F)
    .ARM.Collect$$rtentry$$00000000          0x080001ac   Section        0  __rtentry.o(.ARM.Collect$$rtentry$$00000000)
    .ARM.Collect$$rtentry$$00000002          0x080001ac   Section        0  __rtentry2.o(.ARM.Collect$$rtentry$$00000002)
    .ARM.Collect$$rtentry$$00000004          0x080001ac   Section        6  __rtentry4.o(.ARM.Collect$$rtentry$$00000004)
    .ARM.Collect$$rtentry$$00000009          0x080001b2   Section        0  __rtentry2.o(.ARM.Collect$$rtentry$$00000009)
    .ARM.Collect$$rtentry$$0000000A          0x080001b2   Section        4  __rtentry2.o(.ARM.Collect$$rtentry$$0000000A)
    .ARM.Collect$$rtentry$$0000000C          0x080001b6   Section        0  __rtentry2.o(.ARM.Collect$$rtentry$$0000000C)
    .ARM.Collect$$rtentry$$0000000D          0x080001b6   Section        8  __rtentry2.o(.ARM.Collect$$rtentry$$0000000D)
    .ARM.Collect$$rtexit$$00000000           0x080001be   Section        2  rtexit.o(.ARM.Collect$$rtexit$$00000000)
    .ARM.Collect$$rtexit$$00000002           0x080001c0   Section        0  rtexit2.o(.ARM.Collect$$rtexit$$00000002)
    .ARM.Collect$$rtexit$$00000003           0x080001c0   Section        4  rtexit2.o(.ARM.Collect$$rtexit$$00000003)
    .ARM.Collect$$rtexit$$00000004           0x080001c4   Section        6  rtexit2.o(.ARM.Collect$$rtexit$$00000004)
    .text                                    0x080001cc   Section       64  startup_stm32f10x_hd.o(.text)
    .text                                    0x0800020c   Section        2  use_no_semi_2.o(.text)
    .text                                    0x0800020e   Section      100  rt_memcpy_w.o(.text)
    .text                                    0x08000272   Section       78  rt_memclr_w.o(.text)
    .text                                    0x080002c0   Section        0  heapauxi.o(.text)
    .text                                    0x080002c6   Section        2  use_no_semi.o(.text)
    .text                                    0x080002c8   Section        0  _rserrno.o(.text)
    .text                                    0x080002e0   Section        8  rt_errno_addr_intlibspace.o(.text)
    .text                                    0x080002e8   Section        8  libspace.o(.text)
    .text                                    0x080002f0   Section       74  sys_stackheap_outer.o(.text)
    .text                                    0x0800033a   Section        0  exit.o(.text)
    i.BusFault_Handler                       0x08000346   Section        0  stm32f10x_it.o(i.BusFault_Handler)
    i.DebugMon_Handler                       0x0800034a   Section        0  stm32f10x_it.o(i.DebugMon_Handler)
    i.ENCODE_Init                            0x0800034c   Section        0  timer.o(i.ENCODE_Init)
    i.GPIO_Init                              0x080004d0   Section        0  stm32f10x_gpio.o(i.GPIO_Init)
    i.GPIO_SetBits                           0x080005e6   Section        0  stm32f10x_gpio.o(i.GPIO_SetBits)
    i.GPIO_StructInit                        0x080005ea   Section        0  stm32f10x_gpio.o(i.GPIO_StructInit)
    i.HardFault_Handler                      0x080005fa   Section        0  stm32f10x_it.o(i.HardFault_Handler)
    i.LED_Init                               0x08000600   Section        0  led.o(i.LED_Init)
    i.MemManage_Handler                      0x0800064c   Section        0  stm32f10x_it.o(i.MemManage_Handler)
    i.NMI_Handler                            0x08000650   Section        0  stm32f10x_it.o(i.NMI_Handler)
    i.NVIC_Init                              0x08000654   Section        0  misc.o(i.NVIC_Init)
    i.NVIC_PriorityGroupConfig               0x080006c4   Section        0  misc.o(i.NVIC_PriorityGroupConfig)
    i.PendSV_Handler                         0x080006d8   Section        0  stm32f10x_it.o(i.PendSV_Handler)
    i.RCC_APB1PeriphClockCmd                 0x080006dc   Section        0  stm32f10x_rcc.o(i.RCC_APB1PeriphClockCmd)
    i.RCC_APB1PeriphResetCmd                 0x080006fc   Section        0  stm32f10x_rcc.o(i.RCC_APB1PeriphResetCmd)
    i.RCC_APB2PeriphClockCmd                 0x0800071c   Section        0  stm32f10x_rcc.o(i.RCC_APB2PeriphClockCmd)
    i.RCC_APB2PeriphResetCmd                 0x0800073c   Section        0  stm32f10x_rcc.o(i.RCC_APB2PeriphResetCmd)
    i.RCC_GetClocksFreq                      0x0800075c   Section        0  stm32f10x_rcc.o(i.RCC_GetClocksFreq)
    i.SVC_Handler                            0x08000830   Section        0  stm32f10x_it.o(i.SVC_Handler)
    i.SetSysClock                            0x08000832   Section        0  system_stm32f10x.o(i.SetSysClock)
    SetSysClock                              0x08000833   Thumb Code     8  system_stm32f10x.o(i.SetSysClock)
    i.SetSysClockTo72                        0x0800083c   Section        0  system_stm32f10x.o(i.SetSysClockTo72)
    SetSysClockTo72                          0x0800083d   Thumb Code   214  system_stm32f10x.o(i.SetSysClockTo72)
    i.Set_Speed_Global_To_Single             0x0800091c   Section        0  transform.o(i.Set_Speed_Global_To_Single)
    i.Set_Speed_Robot_To_Single              0x080009ac   Section        0  transform.o(i.Set_Speed_Robot_To_Single)
    i.SysTick_CLKSourceConfig                0x08000a1c   Section        0  misc.o(i.SysTick_CLKSourceConfig)
    i.SysTick_Handler                        0x08000a44   Section        0  stm32f10x_it.o(i.SysTick_Handler)
    i.SystemInit                             0x08000a48   Section        0  system_stm32f10x.o(i.SystemInit)
    i.TF_Global_To_Single                    0x08000aa8   Section        0  transform.o(i.TF_Global_To_Single)
    i.TF_Robot_To_Single                     0x08001028   Section        0  transform.o(i.TF_Robot_To_Single)
    i.TF_Single_To_Global                    0x0800123c   Section        0  transform.o(i.TF_Single_To_Global)
    i.TI1_Config                             0x080012cc   Section        0  stm32f10x_tim.o(i.TI1_Config)
    TI1_Config                               0x080012cd   Thumb Code   108  stm32f10x_tim.o(i.TI1_Config)
    i.TI2_Config                             0x0800134c   Section        0  stm32f10x_tim.o(i.TI2_Config)
    TI2_Config                               0x0800134d   Thumb Code   130  stm32f10x_tim.o(i.TI2_Config)
    i.TI3_Config                             0x080013e4   Section        0  stm32f10x_tim.o(i.TI3_Config)
    TI3_Config                               0x080013e5   Thumb Code   122  stm32f10x_tim.o(i.TI3_Config)
    i.TI4_Config                             0x08001474   Section        0  stm32f10x_tim.o(i.TI4_Config)
    TI4_Config                               0x08001475   Thumb Code   130  stm32f10x_tim.o(i.TI4_Config)
    i.TIM2_IRQHandler                        0x0800150c   Section        0  timer.o(i.TIM2_IRQHandler)
    i.TIM3_IRQHandler                        0x08001604   Section        0  timer.o(i.TIM3_IRQHandler)
    i.TIM3_Int_Init                          0x08001638   Section        0  timer.o(i.TIM3_Int_Init)
    i.TIM4_IRQHandler                        0x08001698   Section        0  timer.o(i.TIM4_IRQHandler)
    i.TIM_ClearFlag                          0x08001790   Section        0  stm32f10x_tim.o(i.TIM_ClearFlag)
    i.TIM_ClearITPendingBit                  0x08001796   Section        0  stm32f10x_tim.o(i.TIM_ClearITPendingBit)
    i.TIM_Cmd                                0x0800179c   Section        0  stm32f10x_tim.o(i.TIM_Cmd)
    i.TIM_DeInit                             0x080017b4   Section        0  stm32f10x_tim.o(i.TIM_DeInit)
    i.TIM_EncoderInterfaceConfig             0x0800199c   Section        0  stm32f10x_tim.o(i.TIM_EncoderInterfaceConfig)
    i.TIM_GetCounter                         0x080019de   Section        0  stm32f10x_tim.o(i.TIM_GetCounter)
    i.TIM_GetITStatus                        0x080019e4   Section        0  stm32f10x_tim.o(i.TIM_GetITStatus)
    i.TIM_ICInit                             0x08001a08   Section        0  stm32f10x_tim.o(i.TIM_ICInit)
    i.TIM_ICStructInit                       0x08001ab4   Section        0  stm32f10x_tim.o(i.TIM_ICStructInit)
    i.TIM_ITConfig                           0x08001ac6   Section        0  stm32f10x_tim.o(i.TIM_ITConfig)
    i.TIM_SetIC1Prescaler                    0x08001ad8   Section        0  stm32f10x_tim.o(i.TIM_SetIC1Prescaler)
    i.TIM_SetIC2Prescaler                    0x08001aea   Section        0  stm32f10x_tim.o(i.TIM_SetIC2Prescaler)
    i.TIM_SetIC3Prescaler                    0x08001b04   Section        0  stm32f10x_tim.o(i.TIM_SetIC3Prescaler)
    i.TIM_SetIC4Prescaler                    0x08001b16   Section        0  stm32f10x_tim.o(i.TIM_SetIC4Prescaler)
    i.TIM_TimeBaseInit                       0x08001b30   Section        0  stm32f10x_tim.o(i.TIM_TimeBaseInit)
    i.TIM_TimeBaseStructInit                 0x08001bd4   Section        0  stm32f10x_tim.o(i.TIM_TimeBaseStructInit)
    i.USART1_IRQHandler                      0x08001be8   Section        0  usart.o(i.USART1_IRQHandler)
    i.USART1_SendChar                        0x08001c44   Section        0  usart.o(i.USART1_SendChar)
    i.USART2_IRQHandler                      0x08001c64   Section        0  usart2.o(i.USART2_IRQHandler)
    i.USART_ClearITPendingBit                0x08001d10   Section        0  stm32f10x_usart.o(i.USART_ClearITPendingBit)
    i.USART_Cmd                              0x08001d2e   Section        0  stm32f10x_usart.o(i.USART_Cmd)
    i.USART_GetFlagStatus                    0x08001d46   Section        0  stm32f10x_usart.o(i.USART_GetFlagStatus)
    i.USART_GetITStatus                      0x08001d60   Section        0  stm32f10x_usart.o(i.USART_GetITStatus)
    i.USART_ITConfig                         0x08001db4   Section        0  stm32f10x_usart.o(i.USART_ITConfig)
    i.USART_Init                             0x08001e00   Section        0  stm32f10x_usart.o(i.USART_Init)
    i.USART_ReceiveData                      0x08001ed8   Section        0  stm32f10x_usart.o(i.USART_ReceiveData)
    i.USART_SendData                         0x08001ee2   Section        0  stm32f10x_usart.o(i.USART_SendData)
    i.UsageFault_Handler                     0x08001eea   Section        0  stm32f10x_it.o(i.UsageFault_Handler)
    i.__ARM_fpclassify                       0x08001eee   Section        0  fpclassify.o(i.__ARM_fpclassify)
    i.__ieee754_rem_pio2                     0x08001f18   Section        0  rred.o(i.__ieee754_rem_pio2)
    i.__kernel_cos                           0x080022a0   Section        0  cos_i.o(i.__kernel_cos)
    i.__kernel_poly                          0x0800239c   Section        0  poly.o(i.__kernel_poly)
    i.__kernel_sin                           0x08002448   Section        0  sin_i.o(i.__kernel_sin)
    i.__mathlib_dbl_divzero                  0x08002534   Section        0  dunder.o(i.__mathlib_dbl_divzero)
    i.__mathlib_dbl_infnan                   0x08002544   Section        0  dunder.o(i.__mathlib_dbl_infnan)
    i.__mathlib_dbl_infnan2                  0x0800254a   Section        0  dunder.o(i.__mathlib_dbl_infnan2)
    i.__mathlib_dbl_invalid                  0x0800254e   Section        0  dunder.o(i.__mathlib_dbl_invalid)
    i.__mathlib_dbl_overflow                 0x0800255a   Section        0  dunder.o(i.__mathlib_dbl_overflow)
    i.__mathlib_dbl_underflow                0x08002568   Section        0  dunder.o(i.__mathlib_dbl_underflow)
    i._sys_exit                              0x08002578   Section        0  usart.o(i._sys_exit)
    i.atan                                   0x08002580   Section        0  atan.o(i.atan)
    i.cos                                    0x080027a0   Section        0  cos.o(i.cos)
    i.delay_init                             0x0800283c   Section        0  delay.o(i.delay_init)
    i.handle_data                            0x08002880   Section        0  main.o(i.handle_data)
    i.init                                   0x080028f4   Section        0  main.o(i.init)
    i.main                                   0x08002934   Section        0  main.o(i.main)
    i.move_base_control                      0x08002f54   Section        0  transform.o(i.move_base_control)
    i.position_counter                       0x08002f7c   Section        0  transform.o(i.position_counter)
    i.pow                                    0x0800306c   Section        0  pow.o(i.pow)
    i.queue_empty                            0x08003a24   Section        0  queue.o(i.queue_empty)
    i.queue_full                             0x08003a38   Section        0  queue.o(i.queue_full)
    i.queue_get                              0x08003a58   Section        0  queue.o(i.queue_get)
    i.queue_init                             0x08003a78   Section        0  queue.o(i.queue_init)
    i.queue_put                              0x08003a86   Section        0  queue.o(i.queue_put)
    i.send                                   0x08003aa4   Section        0  main.o(i.send)
    i.sin                                    0x08003b80   Section        0  sin.o(i.sin)
    i.sqrt                                   0x08003c20   Section        0  sqrt.o(i.sqrt)
    i.start_dc                               0x08003c6c   Section        0  main.o(i.start_dc)
    i.uart2_init                             0x08003dbc   Section        0  usart2.o(i.uart2_init)
    i.uart_init                              0x08003e60   Section        0  usart.o(i.uart_init)
    i.xiansu                                 0x08003f00   Section        0  main.o(i.xiansu)
    x$fpl$d2f                                0x08003f2c   Section       98  d2f.o(x$fpl$d2f)
    x$fpl$dadd                               0x08003f90   Section      336  daddsub_clz.o(x$fpl$dadd)
    _dadd1                                   0x08003fa1   Thumb Code     0  daddsub_clz.o(x$fpl$dadd)
    x$fpl$dcheck1                            0x080040e0   Section       16  dcheck1.o(x$fpl$dcheck1)
    x$fpl$dcmpinf                            0x080040f0   Section       24  dcmpi.o(x$fpl$dcmpinf)
    x$fpl$ddiv                               0x08004108   Section      688  ddiv.o(x$fpl$ddiv)
    ddiv_entry                               0x0800410f   Thumb Code     0  ddiv.o(x$fpl$ddiv)
    x$fpl$dfix                               0x080043b8   Section       94  dfix.o(x$fpl$dfix)
    x$fpl$dflt                               0x08004416   Section       46  dflt_clz.o(x$fpl$dflt)
    x$fpl$dfltu                              0x08004444   Section       38  dflt_clz.o(x$fpl$dfltu)
    x$fpl$dleqf                              0x0800446c   Section      120  dleqf.o(x$fpl$dleqf)
    x$fpl$dmul                               0x080044e4   Section      340  dmul.o(x$fpl$dmul)
    x$fpl$dnaninf                            0x08004638   Section      156  dnaninf.o(x$fpl$dnaninf)
    x$fpl$dretinf                            0x080046d4   Section       12  dretinf.o(x$fpl$dretinf)
    x$fpl$drleqf                             0x080046e0   Section      108  drleqf.o(x$fpl$drleqf)
    x$fpl$drsb                               0x0800474c   Section       22  daddsub_clz.o(x$fpl$drsb)
    x$fpl$dsqrt                              0x08004764   Section      460  dsqrt_noumaal.o(x$fpl$dsqrt)
    x$fpl$dsub                               0x08004930   Section      468  daddsub_clz.o(x$fpl$dsub)
    _dsub1                                   0x08004941   Thumb Code     0  daddsub_clz.o(x$fpl$dsub)
    x$fpl$f2d                                0x08004b04   Section       86  f2d.o(x$fpl$f2d)
    x$fpl$fcmpinf                            0x08004b5a   Section       24  fcmpi.o(x$fpl$fcmpinf)
    x$fpl$fleqf                              0x08004b74   Section      104  fleqf.o(x$fpl$fleqf)
    x$fpl$fnaninf                            0x08004bdc   Section      140  fnaninf.o(x$fpl$fnaninf)
    x$fpl$fretinf                            0x08004c68   Section       10  fretinf.o(x$fpl$fretinf)
    x$fpl$frleqf                             0x08004c72   Section       98  frleqf.o(x$fpl$frleqf)
    x$fpl$retnan                             0x08004cd4   Section      100  retnan.o(x$fpl$retnan)
    x$fpl$scalbn                             0x08004d38   Section       92  scalbn.o(x$fpl$scalbn)
    x$fpl$trapveneer                         0x08004d94   Section       48  trapv.o(x$fpl$trapveneer)
    x$fpl$usenofp                            0x08004dc4   Section        0  usenofp.o(x$fpl$usenofp)
    .constdata                               0x08004dc8   Section      152  atan.o(.constdata)
    atanhi                                   0x08004dc8   Data          32  atan.o(.constdata)
    atanlo                                   0x08004de8   Data          32  atan.o(.constdata)
    aTodd                                    0x08004e08   Data          40  atan.o(.constdata)
    aTeven                                   0x08004e30   Data          48  atan.o(.constdata)
    .constdata                               0x08004e60   Section      136  pow.o(.constdata)
    bp                                       0x08004e60   Data          16  pow.o(.constdata)
    dp_h                                     0x08004e70   Data          16  pow.o(.constdata)
    dp_l                                     0x08004e80   Data          16  pow.o(.constdata)
    L                                        0x08004e90   Data          48  pow.o(.constdata)
    P                                        0x08004ec0   Data          40  pow.o(.constdata)
    .constdata                               0x08004ee8   Section       48  cos_i.o(.constdata)
    C                                        0x08004ee8   Data          48  cos_i.o(.constdata)
    .constdata                               0x08004f18   Section        8  qnan.o(.constdata)
    .constdata                               0x08004f20   Section      200  rred.o(.constdata)
    pio2s                                    0x08004f20   Data          48  rred.o(.constdata)
    twooverpi                                0x08004f50   Data         152  rred.o(.constdata)
    .constdata                               0x08004fe8   Section       40  sin_i.o(.constdata)
    S                                        0x08004fe8   Data          40  sin_i.o(.constdata)
    .data                                    0x20000000   Section        6  main.o(.data)
    noselect                                 0x20000000   Data           4  main.o(.data)
    checksum                                 0x20000004   Data           2  main.o(.data)
    .data                                    0x20000008   Section       20  system_stm32f10x.o(.data)
    .data                                    0x2000001c   Section        4  delay.o(.data)
    fac_us                                   0x2000001c   Data           1  delay.o(.data)
    fac_ms                                   0x2000001e   Data           2  delay.o(.data)
    .data                                    0x20000020   Section       20  stm32f10x_rcc.o(.data)
    APBAHBPrescTable                         0x20000020   Data          16  stm32f10x_rcc.o(.data)
    ADCPrescTable                            0x20000030   Data           4  stm32f10x_rcc.o(.data)
    .data                                    0x20000034   Section       16  timer.o(.data)
    count1                                   0x20000034   Data           4  timer.o(.data)
    rcount1                                  0x20000038   Data           4  timer.o(.data)
    count2                                   0x2000003c   Data           4  timer.o(.data)
    rcount2                                  0x20000040   Data           4  timer.o(.data)
    .data                                    0x20000044   Section        1  usart2.o(.data)
    counter                                  0x20000044   Data           1  usart2.o(.data)
    .bss                                     0x20000048   Section      363  main.o(.bss)
    .bss                                     0x200001b3   Section      211  usart2.o(.bss)
    Temp                                     0x2000027b   Data          11  usart2.o(.bss)
    .bss                                     0x20000288   Section       32  transform.o(.bss)
    ecoder1                                  0x20000288   Data          16  transform.o(.bss)
    ecoder2                                  0x20000298   Data          16  transform.o(.bss)
    .bss                                     0x200002a8   Section       96  libspace.o(.bss)
    HEAP                                     0x20000308   Section      512  startup_stm32f10x_hd.o(HEAP)
    Heap_Mem                                 0x20000308   Data         512  startup_stm32f10x_hd.o(HEAP)
    STACK                                    0x20000508   Section     1024  startup_stm32f10x_hd.o(STACK)
    Stack_Mem                                0x20000508   Data        1024  startup_stm32f10x_hd.o(STACK)
    __initial_sp                             0x20000908   Data           0  startup_stm32f10x_hd.o(STACK)

    Global Symbols

    Symbol Name                              Value     Ov Type        Size  Object(Section)

    BuildAttributes$$THM_ISAv4$P$D$K$B$S$PE$A:L22UL41UL21$X:L11$S22US41US21$IEEE1$IW$USESV6$~STKCKD$USESV7$~SHL$OTIME$ROPI$IEEEX$EBA8$UX$STANDARDLIB$REQ8$PRES8$EABIv2 0x00000000   Number         0  anon$$obj.o ABSOLUTE
    __ARM_use_no_argv                        0x00000000   Number         0  main.o ABSOLUTE
    __ARM_exceptions_init                     - Undefined Weak Reference
    __alloca_initialize                       - Undefined Weak Reference
    __arm_preinit_                            - Undefined Weak Reference
    __cpp_initialize__aeabi_                  - Undefined Weak Reference
    __cxa_finalize                            - Undefined Weak Reference
    __rt_locale                               - Undefined Weak Reference
    __sigvec_lookup                           - Undefined Weak Reference
    _atexit_init                              - Undefined Weak Reference
    _call_atexit_fns                          - Undefined Weak Reference
    _clock_init                               - Undefined Weak Reference
    _fp_trap_init                             - Undefined Weak Reference
    _fp_trap_shutdown                         - Undefined Weak Reference
    _get_lc_collate                           - Undefined Weak Reference
    _get_lc_ctype                             - Undefined Weak Reference
    _get_lc_monetary                          - Undefined Weak Reference
    _get_lc_numeric                           - Undefined Weak Reference
    _get_lc_time                              - Undefined Weak Reference
    _getenv_init                              - Undefined Weak Reference
    _handle_redirection                       - Undefined Weak Reference
    _init_alloc                               - Undefined Weak Reference
    _init_user_alloc                          - Undefined Weak Reference
    _initio                                   - Undefined Weak Reference
    _rand_init                                - Undefined Weak Reference
    _signal_finish                            - Undefined Weak Reference
    _signal_init                              - Undefined Weak Reference
    _terminate_alloc                          - Undefined Weak Reference
    _terminate_user_alloc                     - Undefined Weak Reference
    _terminateio                              - Undefined Weak Reference
    __Vectors_Size                           0x00000130   Number         0  startup_stm32f10x_hd.o ABSOLUTE
    __Vectors                                0x08000000   Data           4  startup_stm32f10x_hd.o(RESET)
    __Vectors_End                            0x08000130   Data           0  startup_stm32f10x_hd.o(RESET)
    __main                                   0x08000131   Thumb Code     8  __main.o(!!!main)
    __scatterload                            0x08000139   Thumb Code     0  __scatter.o(!!!scatter)
    __scatterload_rt2                        0x08000139   Thumb Code    44  __scatter.o(!!!scatter)
    __scatterload_rt2_thumb_only             0x08000139   Thumb Code     0  __scatter.o(!!!scatter)
    __scatterload_null                       0x08000147   Thumb Code     0  __scatter.o(!!!scatter)
    __scatterload_copy                       0x0800016d   Thumb Code    26  __scatter_copy.o(!!handler_copy)
    __scatterload_zeroinit                   0x08000189   Thumb Code    28  __scatter_zi.o(!!handler_zi)
    __rt_lib_init                            0x080001a5   Thumb Code     0  libinit.o(.ARM.Collect$$libinit$$00000000)
    __rt_lib_init_alloca_1                   0x080001a7   Thumb Code     0  libinit2.o(.ARM.Collect$$libinit$$0000002E)
    __rt_lib_init_argv_1                     0x080001a7   Thumb Code     0  libinit2.o(.ARM.Collect$$libinit$$0000002C)
    __rt_lib_init_atexit_1                   0x080001a7   Thumb Code     0  libinit2.o(.ARM.Collect$$libinit$$0000001B)
    __rt_lib_init_clock_1                    0x080001a7   Thumb Code     0  libinit2.o(.ARM.Collect$$libinit$$00000021)
    __rt_lib_init_cpp_1                      0x080001a7   Thumb Code     0  libinit2.o(.ARM.Collect$$libinit$$00000032)
    __rt_lib_init_exceptions_1               0x080001a7   Thumb Code     0  libinit2.o(.ARM.Collect$$libinit$$00000030)
    __rt_lib_init_fp_1                       0x080001a7   Thumb Code     0  libinit2.o(.ARM.Collect$$libinit$$00000002)
    __rt_lib_init_fp_trap_1                  0x080001a7   Thumb Code     0  libinit2.o(.ARM.Collect$$libinit$$0000001F)
    __rt_lib_init_getenv_1                   0x080001a7   Thumb Code     0  libinit2.o(.ARM.Collect$$libinit$$00000023)
    __rt_lib_init_heap_1                     0x080001a7   Thumb Code     0  libinit2.o(.ARM.Collect$$libinit$$0000000A)
    __rt_lib_init_lc_collate_1               0x080001a7   Thumb Code     0  libinit2.o(.ARM.Collect$$libinit$$00000011)
    __rt_lib_init_lc_ctype_1                 0x080001a7   Thumb Code     0  libinit2.o(.ARM.Collect$$libinit$$00000013)
    __rt_lib_init_lc_monetary_1              0x080001a7   Thumb Code     0  libinit2.o(.ARM.Collect$$libinit$$00000015)
    __rt_lib_init_lc_numeric_1               0x080001a7   Thumb Code     0  libinit2.o(.ARM.Collect$$libinit$$00000017)
    __rt_lib_init_lc_time_1                  0x080001a7   Thumb Code     0  libinit2.o(.ARM.Collect$$libinit$$00000019)
    __rt_lib_init_preinit_1                  0x080001a7   Thumb Code     0  libinit2.o(.ARM.Collect$$libinit$$00000004)
    __rt_lib_init_rand_1                     0x080001a7   Thumb Code     0  libinit2.o(.ARM.Collect$$libinit$$0000000E)
    __rt_lib_init_return                     0x080001a7   Thumb Code     0  libinit2.o(.ARM.Collect$$libinit$$00000033)
    __rt_lib_init_signal_1                   0x080001a7   Thumb Code     0  libinit2.o(.ARM.Collect$$libinit$$0000001D)
    __rt_lib_init_stdio_1                    0x080001a7   Thumb Code     0  libinit2.o(.ARM.Collect$$libinit$$00000025)
    __rt_lib_init_user_alloc_1               0x080001a7   Thumb Code     0  libinit2.o(.ARM.Collect$$libinit$$0000000C)
    __rt_lib_shutdown                        0x080001a9   Thumb Code     0  libshutdown.o(.ARM.Collect$$libshutdown$$00000000)
    __rt_lib_shutdown_fp_trap_1              0x080001ab   Thumb Code     0  libshutdown2.o(.ARM.Collect$$libshutdown$$00000006)
    __rt_lib_shutdown_heap_1                 0x080001ab   Thumb Code     0  libshutdown2.o(.ARM.Collect$$libshutdown$$0000000E)
    __rt_lib_shutdown_return                 0x080001ab   Thumb Code     0  libshutdown2.o(.ARM.Collect$$libshutdown$$0000000F)
    __rt_lib_shutdown_signal_1               0x080001ab   Thumb Code     0  libshutdown2.o(.ARM.Collect$$libshutdown$$00000009)
    __rt_lib_shutdown_stdio_1                0x080001ab   Thumb Code     0  libshutdown2.o(.ARM.Collect$$libshutdown$$00000003)
    __rt_lib_shutdown_user_alloc_1           0x080001ab   Thumb Code     0  libshutdown2.o(.ARM.Collect$$libshutdown$$0000000B)
    __rt_entry                               0x080001ad   Thumb Code     0  __rtentry.o(.ARM.Collect$$rtentry$$00000000)
    __rt_entry_presh_1                       0x080001ad   Thumb Code     0  __rtentry2.o(.ARM.Collect$$rtentry$$00000002)
    __rt_entry_sh                            0x080001ad   Thumb Code     0  __rtentry4.o(.ARM.Collect$$rtentry$$00000004)
    __rt_entry_li                            0x080001b3   Thumb Code     0  __rtentry2.o(.ARM.Collect$$rtentry$$0000000A)
    __rt_entry_postsh_1                      0x080001b3   Thumb Code     0  __rtentry2.o(.ARM.Collect$$rtentry$$00000009)
    __rt_entry_main                          0x080001b7   Thumb Code     0  __rtentry2.o(.ARM.Collect$$rtentry$$0000000D)
    __rt_entry_postli_1                      0x080001b7   Thumb Code     0  __rtentry2.o(.ARM.Collect$$rtentry$$0000000C)
    __rt_exit                                0x080001bf   Thumb Code     0  rtexit.o(.ARM.Collect$$rtexit$$00000000)
    __rt_exit_ls                             0x080001c1   Thumb Code     0  rtexit2.o(.ARM.Collect$$rtexit$$00000003)
    __rt_exit_prels_1                        0x080001c1   Thumb Code     0  rtexit2.o(.ARM.Collect$$rtexit$$00000002)
    __rt_exit_exit                           0x080001c5   Thumb Code     0  rtexit2.o(.ARM.Collect$$rtexit$$00000004)
    Reset_Handler                            0x080001cd   Thumb Code     8  startup_stm32f10x_hd.o(.text)
    ADC1_2_IRQHandler                        0x080001e7   Thumb Code     0  startup_stm32f10x_hd.o(.text)
    ADC3_IRQHandler                          0x080001e7   Thumb Code     0  startup_stm32f10x_hd.o(.text)
    CAN1_RX1_IRQHandler                      0x080001e7   Thumb Code     0  startup_stm32f10x_hd.o(.text)
    CAN1_SCE_IRQHandler                      0x080001e7   Thumb Code     0  startup_stm32f10x_hd.o(.text)
    DMA1_Channel1_IRQHandler                 0x080001e7   Thumb Code     0  startup_stm32f10x_hd.o(.text)
    DMA1_Channel2_IRQHandler                 0x080001e7   Thumb Code     0  startup_stm32f10x_hd.o(.text)
    DMA1_Channel3_IRQHandler                 0x080001e7   Thumb Code     0  startup_stm32f10x_hd.o(.text)
    DMA1_Channel4_IRQHandler                 0x080001e7   Thumb Code     0  startup_stm32f10x_hd.o(.text)
    DMA1_Channel5_IRQHandler                 0x080001e7   Thumb Code     0  startup_stm32f10x_hd.o(.text)
    DMA1_Channel6_IRQHandler                 0x080001e7   Thumb Code     0  startup_stm32f10x_hd.o(.text)
    DMA1_Channel7_IRQHandler                 0x080001e7   Thumb Code     0  startup_stm32f10x_hd.o(.text)
    DMA2_Channel1_IRQHandler                 0x080001e7   Thumb Code     0  startup_stm32f10x_hd.o(.text)
    DMA2_Channel2_IRQHandler                 0x080001e7   Thumb Code     0  startup_stm32f10x_hd.o(.text)
    DMA2_Channel3_IRQHandler                 0x080001e7   Thumb Code     0  startup_stm32f10x_hd.o(.text)
    DMA2_Channel4_5_IRQHandler               0x080001e7   Thumb Code     0  startup_stm32f10x_hd.o(.text)
    EXTI0_IRQHandler                         0x080001e7   Thumb Code     0  startup_stm32f10x_hd.o(.text)
    EXTI15_10_IRQHandler                     0x080001e7   Thumb Code     0  startup_stm32f10x_hd.o(.text)
    EXTI1_IRQHandler                         0x080001e7   Thumb Code     0  startup_stm32f10x_hd.o(.text)
    EXTI2_IRQHandler                         0x080001e7   Thumb Code     0  startup_stm32f10x_hd.o(.text)
    EXTI3_IRQHandler                         0x080001e7   Thumb Code     0  startup_stm32f10x_hd.o(.text)
    EXTI4_IRQHandler                         0x080001e7   Thumb Code     0  startup_stm32f10x_hd.o(.text)
    EXTI9_5_IRQHandler                       0x080001e7   Thumb Code     0  startup_stm32f10x_hd.o(.text)
    FLASH_IRQHandler                         0x080001e7   Thumb Code     0  startup_stm32f10x_hd.o(.text)
    FSMC_IRQHandler                          0x080001e7   Thumb Code     0  startup_stm32f10x_hd.o(.text)
    I2C1_ER_IRQHandler                       0x080001e7   Thumb Code     0  startup_stm32f10x_hd.o(.text)
    I2C1_EV_IRQHandler                       0x080001e7   Thumb Code     0  startup_stm32f10x_hd.o(.text)
    I2C2_ER_IRQHandler                       0x080001e7   Thumb Code     0  startup_stm32f10x_hd.o(.text)
    I2C2_EV_IRQHandler                       0x080001e7   Thumb Code     0  startup_stm32f10x_hd.o(.text)
    PVD_IRQHandler                           0x080001e7   Thumb Code     0  startup_stm32f10x_hd.o(.text)
    RCC_IRQHandler                           0x080001e7   Thumb Code     0  startup_stm32f10x_hd.o(.text)
    RTCAlarm_IRQHandler                      0x080001e7   Thumb Code     0  startup_stm32f10x_hd.o(.text)
    RTC_IRQHandler                           0x080001e7   Thumb Code     0  startup_stm32f10x_hd.o(.text)
    SDIO_IRQHandler                          0x080001e7   Thumb Code     0  startup_stm32f10x_hd.o(.text)
    SPI1_IRQHandler                          0x080001e7   Thumb Code     0  startup_stm32f10x_hd.o(.text)
    SPI2_IRQHandler                          0x080001e7   Thumb Code     0  startup_stm32f10x_hd.o(.text)
    SPI3_IRQHandler                          0x080001e7   Thumb Code     0  startup_stm32f10x_hd.o(.text)
    TAMPER_IRQHandler                        0x080001e7   Thumb Code     0  startup_stm32f10x_hd.o(.text)
    TIM1_BRK_IRQHandler                      0x080001e7   Thumb Code     0  startup_stm32f10x_hd.o(.text)
    TIM1_CC_IRQHandler                       0x080001e7   Thumb Code     0  startup_stm32f10x_hd.o(.text)
    TIM1_TRG_COM_IRQHandler                  0x080001e7   Thumb Code     0  startup_stm32f10x_hd.o(.text)
    TIM1_UP_IRQHandler                       0x080001e7   Thumb Code     0  startup_stm32f10x_hd.o(.text)
    TIM5_IRQHandler                          0x080001e7   Thumb Code     0  startup_stm32f10x_hd.o(.text)
    TIM6_IRQHandler                          0x080001e7   Thumb Code     0  startup_stm32f10x_hd.o(.text)
    TIM7_IRQHandler                          0x080001e7   Thumb Code     0  startup_stm32f10x_hd.o(.text)
    TIM8_BRK_IRQHandler                      0x080001e7   Thumb Code     0  startup_stm32f10x_hd.o(.text)
    TIM8_CC_IRQHandler                       0x080001e7   Thumb Code     0  startup_stm32f10x_hd.o(.text)
    TIM8_TRG_COM_IRQHandler                  0x080001e7   Thumb Code     0  startup_stm32f10x_hd.o(.text)
    TIM8_UP_IRQHandler                       0x080001e7   Thumb Code     0  startup_stm32f10x_hd.o(.text)
    UART4_IRQHandler                         0x080001e7   Thumb Code     0  startup_stm32f10x_hd.o(.text)
    UART5_IRQHandler                         0x080001e7   Thumb Code     0  startup_stm32f10x_hd.o(.text)
    USART3_IRQHandler                        0x080001e7   Thumb Code     0  startup_stm32f10x_hd.o(.text)
    USBWakeUp_IRQHandler                     0x080001e7   Thumb Code     0  startup_stm32f10x_hd.o(.text)
    USB_HP_CAN1_TX_IRQHandler                0x080001e7   Thumb Code     0  startup_stm32f10x_hd.o(.text)
    USB_LP_CAN1_RX0_IRQHandler               0x080001e7   Thumb Code     0  startup_stm32f10x_hd.o(.text)
    WWDG_IRQHandler                          0x080001e7   Thumb Code     0  startup_stm32f10x_hd.o(.text)
    __user_initial_stackheap                 0x080001e9   Thumb Code     0  startup_stm32f10x_hd.o(.text)
    __use_no_semihosting                     0x0800020d   Thumb Code     2  use_no_semi_2.o(.text)
    __aeabi_memcpy4                          0x0800020f   Thumb Code     0  rt_memcpy_w.o(.text)
    __aeabi_memcpy8                          0x0800020f   Thumb Code     0  rt_memcpy_w.o(.text)
    __rt_memcpy_w                            0x0800020f   Thumb Code   100  rt_memcpy_w.o(.text)
    _memcpy_lastbytes_aligned                0x08000257   Thumb Code     0  rt_memcpy_w.o(.text)
    __aeabi_memclr4                          0x08000273   Thumb Code     0  rt_memclr_w.o(.text)
    __aeabi_memclr8                          0x08000273   Thumb Code     0  rt_memclr_w.o(.text)
    __rt_memclr_w                            0x08000273   Thumb Code    78  rt_memclr_w.o(.text)
    _memset_w                                0x08000277   Thumb Code     0  rt_memclr_w.o(.text)
    __use_two_region_memory                  0x080002c1   Thumb Code     2  heapauxi.o(.text)
    __rt_heap_escrow$2region                 0x080002c3   Thumb Code     2  heapauxi.o(.text)
    __rt_heap_expand$2region                 0x080002c5   Thumb Code     2  heapauxi.o(.text)
    __I$use$semihosting                      0x080002c7   Thumb Code     0  use_no_semi.o(.text)
    __use_no_semihosting_swi                 0x080002c7   Thumb Code     2  use_no_semi.o(.text)
    __read_errno                             0x080002c9   Thumb Code    10  _rserrno.o(.text)
    __set_errno                              0x080002d3   Thumb Code    12  _rserrno.o(.text)
    __aeabi_errno_addr                       0x080002e1   Thumb Code     8  rt_errno_addr_intlibspace.o(.text)
    __errno$intlibspace                      0x080002e1   Thumb Code     0  rt_errno_addr_intlibspace.o(.text)
    __rt_errno_addr$intlibspace              0x080002e1   Thumb Code     0  rt_errno_addr_intlibspace.o(.text)
    __user_libspace                          0x080002e9   Thumb Code     8  libspace.o(.text)
    __user_perproc_libspace                  0x080002e9   Thumb Code     0  libspace.o(.text)
    __user_perthread_libspace                0x080002e9   Thumb Code     0  libspace.o(.text)
    __user_setup_stackheap                   0x080002f1   Thumb Code    74  sys_stackheap_outer.o(.text)
    exit                                     0x0800033b   Thumb Code    12  exit.o(.text)
    BusFault_Handler                         0x08000347   Thumb Code     4  stm32f10x_it.o(i.BusFault_Handler)
    DebugMon_Handler                         0x0800034b   Thumb Code     2  stm32f10x_it.o(i.DebugMon_Handler)
    ENCODE_Init                              0x0800034d   Thumb Code   374  timer.o(i.ENCODE_Init)
    GPIO_Init                                0x080004d1   Thumb Code   278  stm32f10x_gpio.o(i.GPIO_Init)
    GPIO_SetBits                             0x080005e7   Thumb Code     4  stm32f10x_gpio.o(i.GPIO_SetBits)
    GPIO_StructInit                          0x080005eb   Thumb Code    16  stm32f10x_gpio.o(i.GPIO_StructInit)
    HardFault_Handler                        0x080005fb   Thumb Code     4  stm32f10x_it.o(i.HardFault_Handler)
    LED_Init                                 0x08000601   Thumb Code    68  led.o(i.LED_Init)
    MemManage_Handler                        0x0800064d   Thumb Code     4  stm32f10x_it.o(i.MemManage_Handler)
    NMI_Handler                              0x08000651   Thumb Code     2  stm32f10x_it.o(i.NMI_Handler)
    NVIC_Init                                0x08000655   Thumb Code   100  misc.o(i.NVIC_Init)
    NVIC_PriorityGroupConfig                 0x080006c5   Thumb Code    10  misc.o(i.NVIC_PriorityGroupConfig)
    PendSV_Handler                           0x080006d9   Thumb Code     2  stm32f10x_it.o(i.PendSV_Handler)
    RCC_APB1PeriphClockCmd                   0x080006dd   Thumb Code    26  stm32f10x_rcc.o(i.RCC_APB1PeriphClockCmd)
    RCC_APB1PeriphResetCmd                   0x080006fd   Thumb Code    26  stm32f10x_rcc.o(i.RCC_APB1PeriphResetCmd)
    RCC_APB2PeriphClockCmd                   0x0800071d   Thumb Code    26  stm32f10x_rcc.o(i.RCC_APB2PeriphClockCmd)
    RCC_APB2PeriphResetCmd                   0x0800073d   Thumb Code    26  stm32f10x_rcc.o(i.RCC_APB2PeriphResetCmd)
    RCC_GetClocksFreq                        0x0800075d   Thumb Code   192  stm32f10x_rcc.o(i.RCC_GetClocksFreq)
    SVC_Handler                              0x08000831   Thumb Code     2  stm32f10x_it.o(i.SVC_Handler)
    Set_Speed_Global_To_Single               0x0800091d   Thumb Code   132  transform.o(i.Set_Speed_Global_To_Single)
    Set_Speed_Robot_To_Single                0x080009ad   Thumb Code   108  transform.o(i.Set_Speed_Robot_To_Single)
    SysTick_CLKSourceConfig                  0x08000a1d   Thumb Code    40  misc.o(i.SysTick_CLKSourceConfig)
    SysTick_Handler                          0x08000a45   Thumb Code     2  stm32f10x_it.o(i.SysTick_Handler)
    SystemInit                               0x08000a49   Thumb Code    78  system_stm32f10x.o(i.SystemInit)
    TF_Global_To_Single                      0x08000aa9   Thumb Code  1398  transform.o(i.TF_Global_To_Single)
    TF_Robot_To_Single                       0x08001029   Thumb Code   524  transform.o(i.TF_Robot_To_Single)
    TF_Single_To_Global                      0x0800123d   Thumb Code   144  transform.o(i.TF_Single_To_Global)
    TIM2_IRQHandler                          0x0800150d   Thumb Code   210  timer.o(i.TIM2_IRQHandler)
    TIM3_IRQHandler                          0x08001605   Thumb Code    42  timer.o(i.TIM3_IRQHandler)
    TIM3_Int_Init                            0x08001639   Thumb Code    90  timer.o(i.TIM3_Int_Init)
    TIM4_IRQHandler                          0x08001699   Thumb Code   208  timer.o(i.TIM4_IRQHandler)
    TIM_ClearFlag                            0x08001791   Thumb Code     6  stm32f10x_tim.o(i.TIM_ClearFlag)
    TIM_ClearITPendingBit                    0x08001797   Thumb Code     6  stm32f10x_tim.o(i.TIM_ClearITPendingBit)
    TIM_Cmd                                  0x0800179d   Thumb Code    24  stm32f10x_tim.o(i.TIM_Cmd)
    TIM_DeInit                               0x080017b5   Thumb Code   424  stm32f10x_tim.o(i.TIM_DeInit)
    TIM_EncoderInterfaceConfig               0x0800199d   Thumb Code    66  stm32f10x_tim.o(i.TIM_EncoderInterfaceConfig)
    TIM_GetCounter                           0x080019df   Thumb Code     6  stm32f10x_tim.o(i.TIM_GetCounter)
    TIM_GetITStatus                          0x080019e5   Thumb Code    34  stm32f10x_tim.o(i.TIM_GetITStatus)
    TIM_ICInit                               0x08001a09   Thumb Code   150  stm32f10x_tim.o(i.TIM_ICInit)
    TIM_ICStructInit                         0x08001ab5   Thumb Code    18  stm32f10x_tim.o(i.TIM_ICStructInit)
    TIM_ITConfig                             0x08001ac7   Thumb Code    18  stm32f10x_tim.o(i.TIM_ITConfig)
    TIM_SetIC1Prescaler                      0x08001ad9   Thumb Code    18  stm32f10x_tim.o(i.TIM_SetIC1Prescaler)
    TIM_SetIC2Prescaler                      0x08001aeb   Thumb Code    26  stm32f10x_tim.o(i.TIM_SetIC2Prescaler)
    TIM_SetIC3Prescaler                      0x08001b05   Thumb Code    18  stm32f10x_tim.o(i.TIM_SetIC3Prescaler)
    TIM_SetIC4Prescaler                      0x08001b17   Thumb Code    26  stm32f10x_tim.o(i.TIM_SetIC4Prescaler)
    TIM_TimeBaseInit                         0x08001b31   Thumb Code   122  stm32f10x_tim.o(i.TIM_TimeBaseInit)
    TIM_TimeBaseStructInit                   0x08001bd5   Thumb Code    18  stm32f10x_tim.o(i.TIM_TimeBaseStructInit)
    USART1_IRQHandler                        0x08001be9   Thumb Code    84  usart.o(i.USART1_IRQHandler)
    USART1_SendChar                          0x08001c45   Thumb Code    28  usart.o(i.USART1_SendChar)
    USART2_IRQHandler                        0x08001c65   Thumb Code   146  usart2.o(i.USART2_IRQHandler)
    USART_ClearITPendingBit                  0x08001d11   Thumb Code    30  stm32f10x_usart.o(i.USART_ClearITPendingBit)
    USART_Cmd                                0x08001d2f   Thumb Code    24  stm32f10x_usart.o(i.USART_Cmd)
    USART_GetFlagStatus                      0x08001d47   Thumb Code    26  stm32f10x_usart.o(i.USART_GetFlagStatus)
    USART_GetITStatus                        0x08001d61   Thumb Code    84  stm32f10x_usart.o(i.USART_GetITStatus)
    USART_ITConfig                           0x08001db5   Thumb Code    74  stm32f10x_usart.o(i.USART_ITConfig)
    USART_Init                               0x08001e01   Thumb Code   210  stm32f10x_usart.o(i.USART_Init)
    USART_ReceiveData                        0x08001ed9   Thumb Code    10  stm32f10x_usart.o(i.USART_ReceiveData)
    USART_SendData                           0x08001ee3   Thumb Code     8  stm32f10x_usart.o(i.USART_SendData)
    UsageFault_Handler                       0x08001eeb   Thumb Code     4  stm32f10x_it.o(i.UsageFault_Handler)
    __ARM_fpclassify                         0x08001eef   Thumb Code    40  fpclassify.o(i.__ARM_fpclassify)
    __ieee754_rem_pio2                       0x08001f19   Thumb Code   828  rred.o(i.__ieee754_rem_pio2)
    __kernel_cos                             0x080022a1   Thumb Code   230  cos_i.o(i.__kernel_cos)
    __kernel_poly                            0x0800239d   Thumb Code   170  poly.o(i.__kernel_poly)
    __kernel_sin                             0x08002449   Thumb Code   224  sin_i.o(i.__kernel_sin)
    __mathlib_dbl_divzero                    0x08002535   Thumb Code    12  dunder.o(i.__mathlib_dbl_divzero)
    __mathlib_dbl_infnan                     0x08002545   Thumb Code     6  dunder.o(i.__mathlib_dbl_infnan)
    __mathlib_dbl_infnan2                    0x0800254b   Thumb Code     4  dunder.o(i.__mathlib_dbl_infnan2)
    __mathlib_dbl_invalid                    0x0800254f   Thumb Code    12  dunder.o(i.__mathlib_dbl_invalid)
    __mathlib_dbl_overflow                   0x0800255b   Thumb Code    14  dunder.o(i.__mathlib_dbl_overflow)
    __mathlib_dbl_underflow                  0x08002569   Thumb Code    10  dunder.o(i.__mathlib_dbl_underflow)
    _sys_exit                                0x08002579   Thumb Code     6  usart.o(i._sys_exit)
    atan                                     0x08002581   Thumb Code   474  atan.o(i.atan)
    cos                                      0x080027a1   Thumb Code   148  cos.o(i.cos)
    delay_init                               0x0800283d   Thumb Code    50  delay.o(i.delay_init)
    handle_data                              0x08002881   Thumb Code   104  main.o(i.handle_data)
    init                                     0x080028f5   Thumb Code    58  main.o(i.init)
    main                                     0x08002935   Thumb Code  1558  main.o(i.main)
    move_base_control                        0x08002f55   Thumb Code    36  transform.o(i.move_base_control)
    position_counter                         0x08002f7d   Thumb Code   228  transform.o(i.position_counter)
    pow                                      0x0800306d   Thumb Code  2478  pow.o(i.pow)
    queue_empty                              0x08003a25   Thumb Code    20  queue.o(i.queue_empty)
    queue_full                               0x08003a39   Thumb Code    32  queue.o(i.queue_full)
    queue_get                                0x08003a59   Thumb Code    32  queue.o(i.queue_get)
    queue_init                               0x08003a79   Thumb Code    14  queue.o(i.queue_init)
    queue_put                                0x08003a87   Thumb Code    30  queue.o(i.queue_put)
    send                                     0x08003aa5   Thumb Code   202  main.o(i.send)
    sin                                      0x08003b81   Thumb Code   150  sin.o(i.sin)
    sqrt                                     0x08003c21   Thumb Code    76  sqrt.o(i.sqrt)
    start_dc                                 0x08003c6d   Thumb Code   322  main.o(i.start_dc)
    uart2_init                               0x08003dbd   Thumb Code   154  usart2.o(i.uart2_init)
    uart_init                                0x08003e61   Thumb Code   152  usart.o(i.uart_init)
    xiansu                                   0x08003f01   Thumb Code    44  main.o(i.xiansu)
    __aeabi_d2f                              0x08003f2d   Thumb Code     0  d2f.o(x$fpl$d2f)
    _d2f                                     0x08003f2d   Thumb Code    98  d2f.o(x$fpl$d2f)
    __aeabi_dadd                             0x08003f91   Thumb Code     0  daddsub_clz.o(x$fpl$dadd)
    _dadd                                    0x08003f91   Thumb Code   332  daddsub_clz.o(x$fpl$dadd)
    __fpl_dcheck_NaN1                        0x080040e1   Thumb Code    10  dcheck1.o(x$fpl$dcheck1)
    __fpl_dcmp_Inf                           0x080040f1   Thumb Code    24  dcmpi.o(x$fpl$dcmpinf)
    __aeabi_ddiv                             0x08004109   Thumb Code     0  ddiv.o(x$fpl$ddiv)
    _ddiv                                    0x08004109   Thumb Code   552  ddiv.o(x$fpl$ddiv)
    __aeabi_d2iz                             0x080043b9   Thumb Code     0  dfix.o(x$fpl$dfix)
    _dfix                                    0x080043b9   Thumb Code    94  dfix.o(x$fpl$dfix)
    __aeabi_i2d                              0x08004417   Thumb Code     0  dflt_clz.o(x$fpl$dflt)
    _dflt                                    0x08004417   Thumb Code    46  dflt_clz.o(x$fpl$dflt)
    __aeabi_ui2d                             0x08004445   Thumb Code     0  dflt_clz.o(x$fpl$dfltu)
    _dfltu                                   0x08004445   Thumb Code    38  dflt_clz.o(x$fpl$dfltu)
    __aeabi_cdcmple                          0x0800446d   Thumb Code     0  dleqf.o(x$fpl$dleqf)
    _dcmple                                  0x0800446d   Thumb Code   120  dleqf.o(x$fpl$dleqf)
    __fpl_dcmple_InfNaN                      0x080044cf   Thumb Code     0  dleqf.o(x$fpl$dleqf)
    __aeabi_dmul                             0x080044e5   Thumb Code     0  dmul.o(x$fpl$dmul)
    _dmul                                    0x080044e5   Thumb Code   332  dmul.o(x$fpl$dmul)
    __fpl_dnaninf                            0x08004639   Thumb Code   156  dnaninf.o(x$fpl$dnaninf)
    __fpl_dretinf                            0x080046d5   Thumb Code    12  dretinf.o(x$fpl$dretinf)
    __aeabi_cdrcmple                         0x080046e1   Thumb Code     0  drleqf.o(x$fpl$drleqf)
    _drcmple                                 0x080046e1   Thumb Code   108  drleqf.o(x$fpl$drleqf)
    __aeabi_drsub                            0x0800474d   Thumb Code     0  daddsub_clz.o(x$fpl$drsb)
    _drsb                                    0x0800474d   Thumb Code    22  daddsub_clz.o(x$fpl$drsb)
    _dsqrt                                   0x08004765   Thumb Code   456  dsqrt_noumaal.o(x$fpl$dsqrt)
    __aeabi_dsub                             0x08004931   Thumb Code     0  daddsub_clz.o(x$fpl$dsub)
    _dsub                                    0x08004931   Thumb Code   464  daddsub_clz.o(x$fpl$dsub)
    __aeabi_f2d                              0x08004b05   Thumb Code     0  f2d.o(x$fpl$f2d)
    _f2d                                     0x08004b05   Thumb Code    86  f2d.o(x$fpl$f2d)
    __fpl_fcmp_Inf                           0x08004b5b   Thumb Code    24  fcmpi.o(x$fpl$fcmpinf)
    __aeabi_cfcmple                          0x08004b75   Thumb Code     0  fleqf.o(x$fpl$fleqf)
    _fcmple                                  0x08004b75   Thumb Code   104  fleqf.o(x$fpl$fleqf)
    __fpl_fcmple_InfNaN                      0x08004bc7   Thumb Code     0  fleqf.o(x$fpl$fleqf)
    __fpl_fnaninf                            0x08004bdd   Thumb Code   140  fnaninf.o(x$fpl$fnaninf)
    __fpl_fretinf                            0x08004c69   Thumb Code    10  fretinf.o(x$fpl$fretinf)
    __aeabi_cfrcmple                         0x08004c73   Thumb Code     0  frleqf.o(x$fpl$frleqf)
    _frcmple                                 0x08004c73   Thumb Code    98  frleqf.o(x$fpl$frleqf)
    __fpl_return_NaN                         0x08004cd5   Thumb Code   100  retnan.o(x$fpl$retnan)
    __ARM_scalbn                             0x08004d39   Thumb Code    92  scalbn.o(x$fpl$scalbn)
    __fpl_cmpreturn                          0x08004d95   Thumb Code    48  trapv.o(x$fpl$trapveneer)
    __I$use$fp                               0x08004dc4   Number         0  usenofp.o(x$fpl$usenofp)
    __mathlib_zero                           0x08004f18   Data           8  qnan.o(.constdata)
    Region$$Table$$Base                      0x08005010   Number         0  anon$$obj.o(Region$$Table)
    Region$$Table$$Limit                     0x08005030   Number         0  anon$$obj.o(Region$$Table)
    SystemCoreClock                          0x20000008   Data           4  system_stm32f10x.o(.data)
    AHBPrescTable                            0x2000000c   Data          16  system_stm32f10x.o(.data)
    basketballbot                            0x20000048   Data         124  main.o(.bss)
    rx_queue                                 0x200000c4   Data         140  main.o(.bss)
    radBufferRS485                           0x20000150   Data          99  main.o(.bss)
    USART2_RX_BUF                            0x200001b3   Data         200  usart2.o(.bss)
    __libspace_start                         0x200002a8   Data          96  libspace.o(.bss)
    __temporary_stack_top$libspace           0x20000308   Data           0  libspace.o(.bss)



==============================================================================

Memory Map of the image

  Image Entry point : 0x080001cd

  Load Region LR_1 (Base: 0x08000000, Size: 0x00005078, Max: 0xffffffff, ABSOLUTE)

    Execution Region ER_RO (Base: 0x08000000, Size: 0x00005030, Max: 0xffffffff, ABSOLUTE)

    Base Addr    Size         Type   Attr      Idx    E Section Name        Object

    0x08000000   0x00000130   Data   RO          405    RESET               startup_stm32f10x_hd.o
    0x08000130   0x00000008   Code   RO         1676  * !!!main             c_w.l(__main.o)
    0x08000138   0x00000034   Code   RO         1971    !!!scatter          c_w.l(__scatter.o)
    0x0800016c   0x0000001a   Code   RO         1973    !!handler_copy      c_w.l(__scatter_copy.o)
    0x08000186   0x00000002   PAD
    0x08000188   0x0000001c   Code   RO         1975    !!handler_zi        c_w.l(__scatter_zi.o)
    0x080001a4   0x00000002   Code   RO         1843    .ARM.Collect$$libinit$$00000000  c_w.l(libinit.o)
    0x080001a6   0x00000000   Code   RO         1851    .ARM.Collect$$libinit$$00000002  c_w.l(libinit2.o)
    0x080001a6   0x00000000   Code   RO         1853    .ARM.Collect$$libinit$$00000004  c_w.l(libinit2.o)
    0x080001a6   0x00000000   Code   RO         1856    .ARM.Collect$$libinit$$0000000A  c_w.l(libinit2.o)
    0x080001a6   0x00000000   Code   RO         1858    .ARM.Collect$$libinit$$0000000C  c_w.l(libinit2.o)
    0x080001a6   0x00000000   Code   RO         1860    .ARM.Collect$$libinit$$0000000E  c_w.l(libinit2.o)
    0x080001a6   0x00000000   Code   RO         1863    .ARM.Collect$$libinit$$00000011  c_w.l(libinit2.o)
    0x080001a6   0x00000000   Code   RO         1865    .ARM.Collect$$libinit$$00000013  c_w.l(libinit2.o)
    0x080001a6   0x00000000   Code   RO         1867    .ARM.Collect$$libinit$$00000015  c_w.l(libinit2.o)
    0x080001a6   0x00000000   Code   RO         1869    .ARM.Collect$$libinit$$00000017  c_w.l(libinit2.o)
    0x080001a6   0x00000000   Code   RO         1871    .ARM.Collect$$libinit$$00000019  c_w.l(libinit2.o)
    0x080001a6   0x00000000   Code   RO         1873    .ARM.Collect$$libinit$$0000001B  c_w.l(libinit2.o)
    0x080001a6   0x00000000   Code   RO         1875    .ARM.Collect$$libinit$$0000001D  c_w.l(libinit2.o)
    0x080001a6   0x00000000   Code   RO         1877    .ARM.Collect$$libinit$$0000001F  c_w.l(libinit2.o)
    0x080001a6   0x00000000   Code   RO         1879    .ARM.Collect$$libinit$$00000021  c_w.l(libinit2.o)
    0x080001a6   0x00000000   Code   RO         1881    .ARM.Collect$$libinit$$00000023  c_w.l(libinit2.o)
    0x080001a6   0x00000000   Code   RO         1883    .ARM.Collect$$libinit$$00000025  c_w.l(libinit2.o)
    0x080001a6   0x00000000   Code   RO         1887    .ARM.Collect$$libinit$$0000002C  c_w.l(libinit2.o)
    0x080001a6   0x00000000   Code   RO         1889    .ARM.Collect$$libinit$$0000002E  c_w.l(libinit2.o)
    0x080001a6   0x00000000   Code   RO         1891    .ARM.Collect$$libinit$$00000030  c_w.l(libinit2.o)
    0x080001a6   0x00000000   Code   RO         1893    .ARM.Collect$$libinit$$00000032  c_w.l(libinit2.o)
    0x080001a6   0x00000002   Code   RO         1894    .ARM.Collect$$libinit$$00000033  c_w.l(libinit2.o)
    0x080001a8   0x00000002   Code   RO         1914    .ARM.Collect$$libshutdown$$00000000  c_w.l(libshutdown.o)
    0x080001aa   0x00000000   Code   RO         1925    .ARM.Collect$$libshutdown$$00000003  c_w.l(libshutdown2.o)
    0x080001aa   0x00000000   Code   RO         1928    .ARM.Collect$$libshutdown$$00000006  c_w.l(libshutdown2.o)
    0x080001aa   0x00000000   Code   RO         1931    .ARM.Collect$$libshutdown$$00000009  c_w.l(libshutdown2.o)
    0x080001aa   0x00000000   Code   RO         1933    .ARM.Collect$$libshutdown$$0000000B  c_w.l(libshutdown2.o)
    0x080001aa   0x00000000   Code   RO         1936    .ARM.Collect$$libshutdown$$0000000E  c_w.l(libshutdown2.o)
    0x080001aa   0x00000002   Code   RO         1937    .ARM.Collect$$libshutdown$$0000000F  c_w.l(libshutdown2.o)
    0x080001ac   0x00000000   Code   RO         1742    .ARM.Collect$$rtentry$$00000000  c_w.l(__rtentry.o)
    0x080001ac   0x00000000   Code   RO         1802    .ARM.Collect$$rtentry$$00000002  c_w.l(__rtentry2.o)
    0x080001ac   0x00000006   Code   RO         1814    .ARM.Collect$$rtentry$$00000004  c_w.l(__rtentry4.o)
    0x080001b2   0x00000000   Code   RO         1804    .ARM.Collect$$rtentry$$00000009  c_w.l(__rtentry2.o)
    0x080001b2   0x00000004   Code   RO         1805    .ARM.Collect$$rtentry$$0000000A  c_w.l(__rtentry2.o)
    0x080001b6   0x00000000   Code   RO         1807    .ARM.Collect$$rtentry$$0000000C  c_w.l(__rtentry2.o)
    0x080001b6   0x00000008   Code   RO         1808    .ARM.Collect$$rtentry$$0000000D  c_w.l(__rtentry2.o)
    0x080001be   0x00000002   Code   RO         1848    .ARM.Collect$$rtexit$$00000000  c_w.l(rtexit.o)
    0x080001c0   0x00000000   Code   RO         1898    .ARM.Collect$$rtexit$$00000002  c_w.l(rtexit2.o)
    0x080001c0   0x00000004   Code   RO         1899    .ARM.Collect$$rtexit$$00000003  c_w.l(rtexit2.o)
    0x080001c4   0x00000006   Code   RO         1900    .ARM.Collect$$rtexit$$00000004  c_w.l(rtexit2.o)
    0x080001ca   0x00000002   PAD
    0x080001cc   0x00000040   Code   RO          406  * .text               startup_stm32f10x_hd.o
    0x0800020c   0x00000002   Code   RO         1668    .text               c_w.l(use_no_semi_2.o)
    0x0800020e   0x00000064   Code   RO         1670    .text               c_w.l(rt_memcpy_w.o)
    0x08000272   0x0000004e   Code   RO         1672    .text               c_w.l(rt_memclr_w.o)
    0x080002c0   0x00000006   Code   RO         1674    .text               c_w.l(heapauxi.o)
    0x080002c6   0x00000002   Code   RO         1740    .text               c_w.l(use_no_semi.o)
    0x080002c8   0x00000016   Code   RO         1743    .text               c_w.l(_rserrno.o)
    0x080002de   0x00000002   PAD
    0x080002e0   0x00000008   Code   RO         1819    .text               c_w.l(rt_errno_addr_intlibspace.o)
    0x080002e8   0x00000008   Code   RO         1831    .text               c_w.l(libspace.o)
    0x080002f0   0x0000004a   Code   RO         1834    .text               c_w.l(sys_stackheap_outer.o)
    0x0800033a   0x0000000c   Code   RO         1836    .text               c_w.l(exit.o)
    0x08000346   0x00000004   Code   RO          167    i.BusFault_Handler  stm32f10x_it.o
    0x0800034a   0x00000002   Code   RO          168    i.DebugMon_Handler  stm32f10x_it.o
    0x0800034c   0x00000184   Code   RO         1500    i.ENCODE_Init       timer.o
    0x080004d0   0x00000116   Code   RO          452    i.GPIO_Init         stm32f10x_gpio.o
    0x080005e6   0x00000004   Code   RO          460    i.GPIO_SetBits      stm32f10x_gpio.o
    0x080005ea   0x00000010   Code   RO          461    i.GPIO_StructInit   stm32f10x_gpio.o
    0x080005fa   0x00000004   Code   RO          169    i.HardFault_Handler  stm32f10x_it.o
    0x080005fe   0x00000002   PAD
    0x08000600   0x0000004c   Code   RO         1488    i.LED_Init          led.o
    0x0800064c   0x00000004   Code   RO          170    i.MemManage_Handler  stm32f10x_it.o
    0x08000650   0x00000002   Code   RO          171    i.NMI_Handler       stm32f10x_it.o
    0x08000652   0x00000002   PAD
    0x08000654   0x00000070   Code   RO          410    i.NVIC_Init         misc.o
    0x080006c4   0x00000014   Code   RO          411    i.NVIC_PriorityGroupConfig  misc.o
    0x080006d8   0x00000002   Code   RO          172    i.PendSV_Handler    stm32f10x_it.o
    0x080006da   0x00000002   PAD
    0x080006dc   0x00000020   Code   RO          562    i.RCC_APB1PeriphClockCmd  stm32f10x_rcc.o
    0x080006fc   0x00000020   Code   RO          563    i.RCC_APB1PeriphResetCmd  stm32f10x_rcc.o
    0x0800071c   0x00000020   Code   RO          564    i.RCC_APB2PeriphClockCmd  stm32f10x_rcc.o
    0x0800073c   0x00000020   Code   RO          565    i.RCC_APB2PeriphResetCmd  stm32f10x_rcc.o
    0x0800075c   0x000000d4   Code   RO          572    i.RCC_GetClocksFreq  stm32f10x_rcc.o
    0x08000830   0x00000002   Code   RO          173    i.SVC_Handler       stm32f10x_it.o
    0x08000832   0x00000008   Code   RO          230    i.SetSysClock       system_stm32f10x.o
    0x0800083a   0x00000002   PAD
    0x0800083c   0x000000e0   Code   RO          231    i.SetSysClockTo72   system_stm32f10x.o
    0x0800091c   0x00000090   Code   RO         1613    i.Set_Speed_Global_To_Single  transform.o
    0x080009ac   0x00000070   Code   RO         1614    i.Set_Speed_Robot_To_Single  transform.o
    0x08000a1c   0x00000028   Code   RO          414    i.SysTick_CLKSourceConfig  misc.o
    0x08000a44   0x00000002   Code   RO          174    i.SysTick_Handler   stm32f10x_it.o
    0x08000a46   0x00000002   PAD
    0x08000a48   0x00000060   Code   RO          233    i.SystemInit        system_stm32f10x.o
    0x08000aa8   0x00000580   Code   RO         1615    i.TF_Global_To_Single  transform.o
    0x08001028   0x00000214   Code   RO         1616    i.TF_Robot_To_Single  transform.o
    0x0800123c   0x00000090   Code   RO         1617    i.TF_Single_To_Global  transform.o
    0x080012cc   0x00000080   Code   RO          760    i.TI1_Config        stm32f10x_tim.o
    0x0800134c   0x00000098   Code   RO          761    i.TI2_Config        stm32f10x_tim.o
    0x080013e4   0x00000090   Code   RO          762    i.TI3_Config        stm32f10x_tim.o
    0x08001474   0x00000098   Code   RO          763    i.TI4_Config        stm32f10x_tim.o
    0x0800150c   0x000000f8   Code   RO         1501    i.TIM2_IRQHandler   timer.o
    0x08001604   0x00000034   Code   RO         1502    i.TIM3_IRQHandler   timer.o
    0x08001638   0x00000060   Code   RO         1503    i.TIM3_Int_Init     timer.o
    0x08001698   0x000000f8   Code   RO         1504    i.TIM4_IRQHandler   timer.o
    0x08001790   0x00000006   Code   RO          770    i.TIM_ClearFlag     stm32f10x_tim.o
    0x08001796   0x00000006   Code   RO          771    i.TIM_ClearITPendingBit  stm32f10x_tim.o
    0x0800179c   0x00000018   Code   RO          776    i.TIM_Cmd           stm32f10x_tim.o
    0x080017b4   0x000001e8   Code   RO          781    i.TIM_DeInit        stm32f10x_tim.o
    0x0800199c   0x00000042   Code   RO          785    i.TIM_EncoderInterfaceConfig  stm32f10x_tim.o
    0x080019de   0x00000006   Code   RO          795    i.TIM_GetCounter    stm32f10x_tim.o
    0x080019e4   0x00000022   Code   RO          797    i.TIM_GetITStatus   stm32f10x_tim.o
    0x08001a06   0x00000002   PAD
    0x08001a08   0x000000ac   Code   RO          799    i.TIM_ICInit        stm32f10x_tim.o
    0x08001ab4   0x00000012   Code   RO          800    i.TIM_ICStructInit  stm32f10x_tim.o
    0x08001ac6   0x00000012   Code   RO          801    i.TIM_ITConfig      stm32f10x_tim.o
    0x08001ad8   0x00000012   Code   RO          842    i.TIM_SetIC1Prescaler  stm32f10x_tim.o
    0x08001aea   0x0000001a   Code   RO          843    i.TIM_SetIC2Prescaler  stm32f10x_tim.o
    0x08001b04   0x00000012   Code   RO          844    i.TIM_SetIC3Prescaler  stm32f10x_tim.o
    0x08001b16   0x0000001a   Code   RO          845    i.TIM_SetIC4Prescaler  stm32f10x_tim.o
    0x08001b30   0x000000a4   Code   RO          847    i.TIM_TimeBaseInit  stm32f10x_tim.o
    0x08001bd4   0x00000012   Code   RO          848    i.TIM_TimeBaseStructInit  stm32f10x_tim.o
    0x08001be6   0x00000002   PAD
    0x08001be8   0x0000005c   Code   RO          345    i.USART1_IRQHandler  usart.o
    0x08001c44   0x00000020   Code   RO          346    i.USART1_SendChar   usart.o
    0x08001c64   0x000000ac   Code   RO         1584    i.USART2_IRQHandler  usart2.o
    0x08001d10   0x0000001e   Code   RO         1309    i.USART_ClearITPendingBit  stm32f10x_usart.o
    0x08001d2e   0x00000018   Code   RO         1312    i.USART_Cmd         stm32f10x_usart.o
    0x08001d46   0x0000001a   Code   RO         1315    i.USART_GetFlagStatus  stm32f10x_usart.o
    0x08001d60   0x00000054   Code   RO         1316    i.USART_GetITStatus  stm32f10x_usart.o
    0x08001db4   0x0000004a   Code   RO         1318    i.USART_ITConfig    stm32f10x_usart.o
    0x08001dfe   0x00000002   PAD
    0x08001e00   0x000000d8   Code   RO         1319    i.USART_Init        stm32f10x_usart.o
    0x08001ed8   0x0000000a   Code   RO         1326    i.USART_ReceiveData  stm32f10x_usart.o
    0x08001ee2   0x00000008   Code   RO         1329    i.USART_SendData    stm32f10x_usart.o
    0x08001eea   0x00000004   Code   RO          175    i.UsageFault_Handler  stm32f10x_it.o
    0x08001eee   0x00000028   Code   RO         1777    i.__ARM_fpclassify  m_ws.l(fpclassify.o)
    0x08001f16   0x00000002   PAD
    0x08001f18   0x00000388   Code   RO         1782    i.__ieee754_rem_pio2  m_ws.l(rred.o)
    0x080022a0   0x000000fc   Code   RO         1760    i.__kernel_cos      m_ws.l(cos_i.o)
    0x0800239c   0x000000aa   Code   RO         1779    i.__kernel_poly     m_ws.l(poly.o)
    0x08002446   0x00000002   PAD
    0x08002448   0x000000ec   Code   RO         1787    i.__kernel_sin      m_ws.l(sin_i.o)
    0x08002534   0x00000010   Code   RO         1763    i.__mathlib_dbl_divzero  m_ws.l(dunder.o)
    0x08002544   0x00000006   Code   RO         1764    i.__mathlib_dbl_infnan  m_ws.l(dunder.o)
    0x0800254a   0x00000004   Code   RO         1765    i.__mathlib_dbl_infnan2  m_ws.l(dunder.o)
    0x0800254e   0x0000000c   Code   RO         1766    i.__mathlib_dbl_invalid  m_ws.l(dunder.o)
    0x0800255a   0x0000000e   Code   RO         1767    i.__mathlib_dbl_overflow  m_ws.l(dunder.o)
    0x08002568   0x00000010   Code   RO         1769    i.__mathlib_dbl_underflow  m_ws.l(dunder.o)
    0x08002578   0x00000006   Code   RO          347    i._sys_exit         usart.o
    0x0800257e   0x00000002   PAD
    0x08002580   0x00000220   Code   RO         1705    i.atan              m_ws.l(atan.o)
    0x080027a0   0x0000009c   Code   RO         1715    i.cos               m_ws.l(cos.o)
    0x0800283c   0x00000044   Code   RO          264    i.delay_init        delay.o
    0x08002880   0x00000074   Code   RO            1    i.handle_data       main.o
    0x080028f4   0x00000040   Code   RO            2    i.init              main.o
    0x08002934   0x00000620   Code   RO            3    i.main              main.o
    0x08002f54   0x00000028   Code   RO         1618    i.move_base_control  transform.o
    0x08002f7c   0x000000f0   Code   RO         1619    i.position_counter  transform.o
    0x0800306c   0x000009b8   Code   RO         1723    i.pow               m_ws.l(pow.o)
    0x08003a24   0x00000014   Code   RO         1545    i.queue_empty       queue.o
    0x08003a38   0x00000020   Code   RO         1546    i.queue_full        queue.o
    0x08003a58   0x00000020   Code   RO         1547    i.queue_get         queue.o
    0x08003a78   0x0000000e   Code   RO         1548    i.queue_init        queue.o
    0x08003a86   0x0000001e   Code   RO         1549    i.queue_put         queue.o
    0x08003aa4   0x000000dc   Code   RO            4    i.send              main.o
    0x08003b80   0x000000a0   Code   RO         1733    i.sin               m_ws.l(sin.o)
    0x08003c20   0x0000004c   Code   RO         1794    i.sqrt              m_ws.l(sqrt.o)
    0x08003c6c   0x00000150   Code   RO            5    i.start_dc          main.o
    0x08003dbc   0x000000a4   Code   RO         1586    i.uart2_init        usart2.o
    0x08003e60   0x000000a0   Code   RO          349    i.uart_init         usart.o
    0x08003f00   0x0000002c   Code   RO            6    i.xiansu            main.o
    0x08003f2c   0x00000062   Code   RO         1678    x$fpl$d2f           fz_ws.l(d2f.o)
    0x08003f8e   0x00000002   PAD
    0x08003f90   0x00000150   Code   RO         1680    x$fpl$dadd          fz_ws.l(daddsub_clz.o)
    0x080040e0   0x00000010   Code   RO         1821    x$fpl$dcheck1       fz_ws.l(dcheck1.o)
    0x080040f0   0x00000018   Code   RO         1844    x$fpl$dcmpinf       fz_ws.l(dcmpi.o)
    0x08004108   0x000002b0   Code   RO         1687    x$fpl$ddiv          fz_ws.l(ddiv.o)
    0x080043b8   0x0000005e   Code   RO         1823    x$fpl$dfix          fz_ws.l(dfix.o)
    0x08004416   0x0000002e   Code   RO         1691    x$fpl$dflt          fz_ws.l(dflt_clz.o)
    0x08004444   0x00000026   Code   RO         1690    x$fpl$dfltu         fz_ws.l(dflt_clz.o)
    0x0800446a   0x00000002   PAD
    0x0800446c   0x00000078   Code   RO         1827    x$fpl$dleqf         fz_ws.l(dleqf.o)
    0x080044e4   0x00000154   Code   RO         1696    x$fpl$dmul          fz_ws.l(dmul.o)
    0x08004638   0x0000009c   Code   RO         1745    x$fpl$dnaninf       fz_ws.l(dnaninf.o)
    0x080046d4   0x0000000c   Code   RO         1747    x$fpl$dretinf       fz_ws.l(dretinf.o)
    0x080046e0   0x0000006c   Code   RO         1749    x$fpl$drleqf        fz_ws.l(drleqf.o)
    0x0800474c   0x00000016   Code   RO         1681    x$fpl$drsb          fz_ws.l(daddsub_clz.o)
    0x08004762   0x00000002   PAD
    0x08004764   0x000001cc   Code   RO         1829    x$fpl$dsqrt         fz_ws.l(dsqrt_noumaal.o)
    0x08004930   0x000001d4   Code   RO         1682    x$fpl$dsub          fz_ws.l(daddsub_clz.o)
    0x08004b04   0x00000056   Code   RO         1698    x$fpl$f2d           fz_ws.l(f2d.o)
    0x08004b5a   0x00000018   Code   RO         1751    x$fpl$fcmpinf       fz_ws.l(fcmpi.o)
    0x08004b72   0x00000002   PAD
    0x08004b74   0x00000068   Code   RO         1700    x$fpl$fleqf         fz_ws.l(fleqf.o)
    0x08004bdc   0x0000008c   Code   RO         1753    x$fpl$fnaninf       fz_ws.l(fnaninf.o)
    0x08004c68   0x0000000a   Code   RO         1755    x$fpl$fretinf       fz_ws.l(fretinf.o)
    0x08004c72   0x00000062   Code   RO         1702    x$fpl$frleqf        fz_ws.l(frleqf.o)
    0x08004cd4   0x00000064   Code   RO         1846    x$fpl$retnan        fz_ws.l(retnan.o)
    0x08004d38   0x0000005c   Code   RO         1757    x$fpl$scalbn        fz_ws.l(scalbn.o)
    0x08004d94   0x00000030   Code   RO         1895    x$fpl$trapveneer    fz_ws.l(trapv.o)
    0x08004dc4   0x00000000   Code   RO         1759    x$fpl$usenofp       fz_ws.l(usenofp.o)
    0x08004dc4   0x00000004   PAD
    0x08004dc8   0x00000098   Data   RO         1706    .constdata          m_ws.l(atan.o)
    0x08004e60   0x00000088   Data   RO         1724    .constdata          m_ws.l(pow.o)
    0x08004ee8   0x00000030   Data   RO         1761    .constdata          m_ws.l(cos_i.o)
    0x08004f18   0x00000008   Data   RO         1781    .constdata          m_ws.l(qnan.o)
    0x08004f20   0x000000c8   Data   RO         1784    .constdata          m_ws.l(rred.o)
    0x08004fe8   0x00000028   Data   RO         1788    .constdata          m_ws.l(sin_i.o)
    0x08005010   0x00000020   Data   RO         1969    Region$$Table       anon$$obj.o


    Execution Region ER_RW (Base: 0x20000000, Size: 0x00000048, Max: 0xffffffff, ABSOLUTE)

    Base Addr    Size         Type   Attr      Idx    E Section Name        Object

    0x20000000   0x00000006   Data   RW            8    .data               main.o
    0x20000006   0x00000002   PAD
    0x20000008   0x00000014   Data   RW          234    .data               system_stm32f10x.o
    0x2000001c   0x00000004   Data   RW          267    .data               delay.o
    0x20000020   0x00000014   Data   RW          592    .data               stm32f10x_rcc.o
    0x20000034   0x00000010   Data   RW         1505    .data               timer.o
    0x20000044   0x00000001   Data   RW         1588    .data               usart2.o


    Execution Region ER_ZI (Base: 0x20000048, Size: 0x000008c0, Max: 0xffffffff, ABSOLUTE)

    Base Addr    Size         Type   Attr      Idx    E Section Name        Object

    0x20000048   0x0000016b   Zero   RW            7    .bss                main.o
    0x200001b3   0x000000d3   Zero   RW         1587    .bss                usart2.o
    0x20000286   0x00000002   PAD
    0x20000288   0x00000020   Zero   RW         1620    .bss                transform.o
    0x200002a8   0x00000060   Zero   RW         1832    .bss                c_w.l(libspace.o)
    0x20000308   0x00000200   Zero   RW          404    HEAP                startup_stm32f10x_hd.o
    0x20000508   0x00000400   Zero   RW          403    STACK               startup_stm32f10x_hd.o


==============================================================================

Image component sizes


      Code (inc. data)   RO Data    RW Data    ZI Data      Debug   Object Name

        68         18          0          4          0     205617   delay.o
        76          8          0          0          0        539   led.o
      2348         72          0          6        363     257659   main.o
       172         22          0          0          0       2217   misc.o
       128          0          0          0          0       3316   queue.o
        64         26        304          0       1536        828   startup_stm32f10x_hd.o
       298          0          0          0          0       3169   stm32f10x_gpio.o
        26          0          0          0          0       4062   stm32f10x_it.o
       340         44          0         20          0       5848   stm32f10x_rcc.o
      1684        214          0          0          0      13914   stm32f10x_tim.o
       472          6          0          0          0       7107   stm32f10x_usart.o
         0          0          0          0          0         32   sys.o
       328         28          0         20          0       2285   system_stm32f10x.o
      1032        108          0         16          0       3480   timer.o
      2620         58          0          0         32       4441   transform.o
       290         20          0          0          0       2398   usart.o
       336         36          0          1        211       2269   usart2.o

    ----------------------------------------------------------------------
     10300        660        336         72       2144     519181   Object Totals
         0          0         32          0          0          0   (incl. Generated)
        18          0          0          5          2          0   (incl. Padding)

    ----------------------------------------------------------------------

      Code (inc. data)   RO Data    RW Data    ZI Data      Debug   Library Member Name

         8          0          0          0          0         68   __main.o
         0          0          0          0          0          0   __rtentry.o
        12          0          0          0          0          0   __rtentry2.o
         6          0          0          0          0          0   __rtentry4.o
        52          8          0          0          0          0   __scatter.o
        26          0          0          0          0          0   __scatter_copy.o
        28          0          0          0          0          0   __scatter_zi.o
        22          0          0          0          0        100   _rserrno.o
        12          0          0          0          0         72   exit.o
         6          0          0          0          0        152   heapauxi.o
         2          0          0          0          0          0   libinit.o
         2          0          0          0          0          0   libinit2.o
         2          0          0          0          0          0   libshutdown.o
         2          0          0          0          0          0   libshutdown2.o
         8          4          0          0         96         68   libspace.o
         8          4          0          0          0         68   rt_errno_addr_intlibspace.o
        78          0          0          0          0         80   rt_memclr_w.o
       100          0          0          0          0         80   rt_memcpy_w.o
         2          0          0          0          0          0   rtexit.o
        10          0          0          0          0          0   rtexit2.o
        74          0          0          0          0         80   sys_stackheap_outer.o
         2          0          0          0          0         68   use_no_semi.o
         2          0          0          0          0         68   use_no_semi_2.o
        98          4          0          0          0         92   d2f.o
       826         16          0          0          0        348   daddsub_clz.o
        16          4          0          0          0         68   dcheck1.o
        24          0          0          0          0         68   dcmpi.o
       688        140          0          0          0        208   ddiv.o
        94          4          0          0          0         92   dfix.o
        84          0          0          0          0        136   dflt_clz.o
       120          4          0          0          0         92   dleqf.o
       340         12          0          0          0        104   dmul.o
       156          4          0          0          0         92   dnaninf.o
        12          0          0          0          0         68   dretinf.o
       108          0          0          0          0         80   drleqf.o
       460         56          0          0          0        120   dsqrt_noumaal.o
        86          4          0          0          0         84   f2d.o
        24          0          0          0          0         68   fcmpi.o
       104          4          0          0          0         84   fleqf.o
       140          4          0          0          0         84   fnaninf.o
        10          0          0          0          0         68   fretinf.o
        98          0          0          0          0         68   frleqf.o
       100          0          0          0          0         68   retnan.o
        92          0          0          0          0         68   scalbn.o
        48          0          0          0          0         68   trapv.o
         0          0          0          0          0          0   usenofp.o
       544         70        152          0          0        124   atan.o
       156          8          0          0          0        104   cos.o
       252         22         48          0          0        124   cos_i.o
        68         10          0          0          0        408   dunder.o
        40          0          0          0          0         68   fpclassify.o
       170          0          0          0          0         96   poly.o
      2488        190        136          0          0        300   pow.o
         0          0          8          0          0          0   qnan.o
       904         76        200          0          0        140   rred.o
       160         10          0          0          0        108   sin.o
       236         12         40          0          0        128   sin_i.o
        76          0          0          0          0         84   sqrt.o

    ----------------------------------------------------------------------
      9308        670        584          0         96       4816   Library Totals
        22          0          0          0          0          0   (incl. Padding)

    ----------------------------------------------------------------------

      Code (inc. data)   RO Data    RW Data    ZI Data      Debug   Library Name

       464         16          0          0         96        904   c_w.l
      3728        256          0          0          0       2228   fz_ws.l
      5094        398        584          0          0       1684   m_ws.l

    ----------------------------------------------------------------------
      9308        670        584          0         96       4816   Library Totals

    ----------------------------------------------------------------------

==============================================================================


      Code (inc. data)   RO Data    RW Data    ZI Data      Debug   

     19608       1330        920         72       2240     517441   Grand Totals
     19608       1330        920         72       2240     517441   ELF Image Totals
     19608       1330        920         72          0          0   ROM Totals

==============================================================================

    Total RO  Size (Code + RO Data)                20528 (  20.05kB)
    Total RW  Size (RW Data + ZI Data)              2312 (   2.26kB)
    Total ROM Size (Code + RO Data + RW Data)      20600 (  20.12kB)

==============================================================================

